Component: ARM Compiler 6.7 Tool: armlink [5c9ef700]

==============================================================================

Section Cross References

    startup_stm32h743xx.o(RESET) refers to startup_stm32h743xx.o(STACK) for __initial_sp
    startup_stm32h743xx.o(RESET) refers to startup_stm32h743xx.o(.text) for Reset_Handler
    startup_stm32h743xx.o(.text) refers to system_stm32h7xx.o(.text.ExitRun0Mode) for ExitRun0Mode
    startup_stm32h743xx.o(.text) refers to system_stm32h7xx.o(.text.SystemInit) for SystemInit
    startup_stm32h743xx.o(.text) refers to entry.o(.ARM.Collect$$$$00000000) for __main
    main.o(.ARM.exidx.text.main) refers to main.o(.text.main) for [Anonymous Symbol]
    spi.o(.ARM.exidx.text.SPI_Init) refers to spi.o(.text.SPI_Init) for [Anonymous Symbol]
    usart.o(.ARM.exidx.text.USART_UART_Init) refers to usart.o(.text.USART_UART_Init) for [Anonymous Symbol]
    can.o(.ARM.exidx.text.CAN_Init) refers to can.o(.text.CAN_Init) for [Anonymous Symbol]
    gpio_af.o(.ARM.exidx.text.GPIO_AF_Config) refers to gpio_af.o(.text.GPIO_AF_Config) for [Anonymous Symbol]
    stm32h7xx_hal.o(.text.HAL_Init) refers to stm32h7xx_hal_cortex.o(.text.HAL_NVIC_SetPriorityGrouping) for HAL_NVIC_SetPriorityGrouping
    stm32h7xx_hal.o(.text.HAL_Init) refers to stm32h7xx_hal_rcc.o(.text.HAL_RCC_GetSysClockFreq) for HAL_RCC_GetSysClockFreq
    stm32h7xx_hal.o(.text.HAL_Init) refers to system_stm32h7xx.o(.rodata.D1CorePrescTable) for D1CorePrescTable
    stm32h7xx_hal.o(.text.HAL_Init) refers to system_stm32h7xx.o(.data.SystemD2Clock) for SystemD2Clock
    stm32h7xx_hal.o(.text.HAL_Init) refers to system_stm32h7xx.o(.data.SystemCoreClock) for SystemCoreClock
    stm32h7xx_hal.o(.text.HAL_Init) refers to stm32h7xx_hal.o(.text.HAL_InitTick) for HAL_InitTick
    stm32h7xx_hal.o(.text.HAL_Init) refers to stm32h7xx_hal_msp_template.o(.text.HAL_MspInit) for HAL_MspInit
    stm32h7xx_hal.o(.ARM.exidx.text.HAL_Init) refers to stm32h7xx_hal.o(.text.HAL_Init) for [Anonymous Symbol]
    stm32h7xx_hal.o(.text.HAL_InitTick) refers to stm32h7xx_hal.o(.data.uwTickFreq) for uwTickFreq
    stm32h7xx_hal.o(.text.HAL_InitTick) refers to system_stm32h7xx.o(.data.SystemCoreClock) for SystemCoreClock
    stm32h7xx_hal.o(.text.HAL_InitTick) refers to stm32h7xx_hal_cortex.o(.text.HAL_SYSTICK_Config) for HAL_SYSTICK_Config
    stm32h7xx_hal.o(.text.HAL_InitTick) refers to stm32h7xx_hal_cortex.o(.text.HAL_NVIC_SetPriority) for HAL_NVIC_SetPriority
    stm32h7xx_hal.o(.text.HAL_InitTick) refers to stm32h7xx_hal.o(.data.uwTickPrio) for uwTickPrio
    stm32h7xx_hal.o(.ARM.exidx.text.HAL_InitTick) refers to stm32h7xx_hal.o(.text.HAL_InitTick) for [Anonymous Symbol]
    stm32h7xx_hal.o(.ARM.exidx.text.HAL_MspInit) refers to stm32h7xx_hal.o(.text.HAL_MspInit) for [Anonymous Symbol]
    stm32h7xx_hal.o(.text.HAL_DeInit) refers to stm32h7xx_hal_msp_template.o(.text.HAL_MspDeInit) for HAL_MspDeInit
    stm32h7xx_hal.o(.ARM.exidx.text.HAL_DeInit) refers to stm32h7xx_hal.o(.text.HAL_DeInit) for [Anonymous Symbol]
    stm32h7xx_hal.o(.ARM.exidx.text.HAL_MspDeInit) refers to stm32h7xx_hal.o(.text.HAL_MspDeInit) for [Anonymous Symbol]
    stm32h7xx_hal.o(.text.HAL_IncTick) refers to stm32h7xx_hal.o(.data.uwTickFreq) for uwTickFreq
    stm32h7xx_hal.o(.text.HAL_IncTick) refers to stm32h7xx_hal.o(.bss.uwTick) for uwTick
    stm32h7xx_hal.o(.ARM.exidx.text.HAL_IncTick) refers to stm32h7xx_hal.o(.text.HAL_IncTick) for [Anonymous Symbol]
    stm32h7xx_hal.o(.text.HAL_GetTick) refers to stm32h7xx_hal.o(.bss.uwTick) for uwTick
    stm32h7xx_hal.o(.ARM.exidx.text.HAL_GetTick) refers to stm32h7xx_hal.o(.text.HAL_GetTick) for [Anonymous Symbol]
    stm32h7xx_hal.o(.text.HAL_GetTickPrio) refers to stm32h7xx_hal.o(.data.uwTickPrio) for uwTickPrio
    stm32h7xx_hal.o(.ARM.exidx.text.HAL_GetTickPrio) refers to stm32h7xx_hal.o(.text.HAL_GetTickPrio) for [Anonymous Symbol]
    stm32h7xx_hal.o(.text.HAL_SetTickFreq) refers to stm32h7xx_hal.o(.data.uwTickFreq) for uwTickFreq
    stm32h7xx_hal.o(.text.HAL_SetTickFreq) refers to stm32h7xx_hal.o(.data.uwTickPrio) for uwTickPrio
    stm32h7xx_hal.o(.text.HAL_SetTickFreq) refers to stm32h7xx_hal.o(.text.HAL_InitTick) for HAL_InitTick
    stm32h7xx_hal.o(.ARM.exidx.text.HAL_SetTickFreq) refers to stm32h7xx_hal.o(.text.HAL_SetTickFreq) for [Anonymous Symbol]
    stm32h7xx_hal.o(.text.HAL_GetTickFreq) refers to stm32h7xx_hal.o(.data.uwTickFreq) for uwTickFreq
    stm32h7xx_hal.o(.ARM.exidx.text.HAL_GetTickFreq) refers to stm32h7xx_hal.o(.text.HAL_GetTickFreq) for [Anonymous Symbol]
    stm32h7xx_hal.o(.text.HAL_Delay) refers to stm32h7xx_hal.o(.text.HAL_GetTick) for HAL_GetTick
    stm32h7xx_hal.o(.text.HAL_Delay) refers to stm32h7xx_hal.o(.data.uwTickFreq) for uwTickFreq
    stm32h7xx_hal.o(.ARM.exidx.text.HAL_Delay) refers to stm32h7xx_hal.o(.text.HAL_Delay) for [Anonymous Symbol]
    stm32h7xx_hal.o(.ARM.exidx.text.HAL_SuspendTick) refers to stm32h7xx_hal.o(.text.HAL_SuspendTick) for [Anonymous Symbol]
[...]
    Removing stm32h7xx_hal_gpio.o(.ARM.exidx.text.HAL_GPIO_Init), (8 bytes).
    Removing stm32h7xx_hal_gpio.o(.text.HAL_GPIO_DeInit), (614 bytes).
    Removing stm32h7xx_hal_gpio.o(.ARM.exidx.text.HAL_GPIO_DeInit), (8 bytes).
    Removing stm32h7xx_hal_gpio.o(.text.HAL_GPIO_ReadPin), (54 bytes).
    Removing stm32h7xx_hal_gpio.o(.ARM.exidx.text.HAL_GPIO_ReadPin), (8 bytes).
    Removing stm32h7xx_hal_gpio.o(.text.HAL_GPIO_WritePin), (66 bytes).
    Removing stm32h7xx_hal_gpio.o(.ARM.exidx.text.HAL_GPIO_WritePin), (8 bytes).
    Removing stm32h7xx_hal_gpio.o(.text.HAL_GPIO_TogglePin), (48 bytes).
    Removing stm32h7xx_hal_gpio.o(.ARM.exidx.text.HAL_GPIO_TogglePin), (8 bytes).
    Removing stm32h7xx_hal_gpio.o(.text.HAL_GPIO_LockPin), (94 bytes).
    Removing stm32h7xx_hal_gpio.o(.ARM.exidx.text.HAL_GPIO_LockPin), (8 bytes).
    Removing stm32h7xx_hal_gpio.o(.text.HAL_GPIO_EXTI_IRQHandler), (56 bytes).
    Removing stm32h7xx_hal_gpio.o(.ARM.exidx.text.HAL_GPIO_EXTI_IRQHandler), (8 bytes).
    Removing stm32h7xx_hal_gpio.o(.text.HAL_GPIO_EXTI_Callback), (14 bytes).
    Removing stm32h7xx_hal_gpio.o(.ARM.exidx.text.HAL_GPIO_EXTI_Callback), (8 bytes).
    Removing stm32h7xx_hal_hash.o(.text), (0 bytes).
    Removing stm32h7xx_hal_hash_ex.o(.text), (0 bytes).
    Removing stm32h7xx_hal_hcd.o(.text), (0 bytes).
    Removing stm32h7xx_hal_hrtim.o(.text), (0 bytes).
    Removing stm32h7xx_hal_hsem.o(.text), (0 bytes).
    Removing stm32h7xx_hal_i2c.o(.text), (0 bytes).
    Removing stm32h7xx_hal_i2c.o(.text.HAL_I2C_Init), (284 bytes).
    Removing stm32h7xx_hal_i2c.o(.ARM.exidx.text.HAL_I2C_Init), (8 bytes).
    Removing stm32h7xx_hal_i2c.o(.text.HAL_I2C_MspInit), (12 bytes).
    Removing stm32h7xx_hal_i2c.o(.ARM.exidx.text.HAL_I2C_MspInit), (8 bytes).
    Removing stm32h7xx_hal_i2c.o(.text.HAL_I2C_DeInit), (102 bytes).
    Removing stm32h7xx_hal_i2c.o(.ARM.exidx.text.HAL_I2C_DeInit), (8 bytes).
    Removing stm32h7xx_hal_i2c.o(.text.HAL_I2C_MspDeInit), (12 bytes).
    Removing stm32h7xx_hal_i2c.o(.ARM.exidx.text.HAL_I2C_MspDeInit), (8 bytes).
    Removing stm32h7xx_hal_i2c.o(.text.HAL_I2C_Master_Transmit), (644 bytes).
    Removing stm32h7xx_hal_i2c.o(.ARM.exidx.text.HAL_I2C_Master_Transmit), (8 bytes).
    Removing stm32h7xx_hal_i2c.o(.text.I2C_WaitOnFlagUntilTimeout), (230 bytes).
    Removing stm32h7xx_hal_i2c.o(.ARM.exidx.text.I2C_WaitOnFlagUntilTimeout), (8 bytes).
    Removing stm32h7xx_hal_i2c.o(.text.I2C_TransferConfig), (108 bytes).
    Removing stm32h7xx_hal_i2c.o(.ARM.exidx.text.I2C_TransferConfig), (8 bytes).
    Removing stm32h7xx_hal_i2c.o(.text.I2C_WaitOnTXISFlagUntilTimeout), (200 bytes).
    Removing stm32h7xx_hal_i2c.o(.ARM.exidx.text.I2C_WaitOnTXISFlagUntilTimeout), (8 bytes).
    Removing stm32h7xx_hal_i2c.o(.text.I2C_WaitOnSTOPFlagUntilTimeout), (188 bytes).
    Removing stm32h7xx_hal_i2c.o(.ARM.exidx.text.I2C_WaitOnSTOPFlagUntilTimeout), (8 bytes).
    Removing stm32h7xx_hal_i2c.o(.text.HAL_I2C_Master_Receive), (582 bytes).
    Removing stm32h7xx_hal_i2c.o(.ARM.exidx.text.HAL_I2C_Master_Receive), (8 bytes).
    Removing stm32h7xx_hal_i2c.o(.text.I2C_WaitOnRXNEFlagUntilTimeout), (390 bytes).
    Removing stm32h7xx_hal_i2c.o(.ARM.exidx.text.I2C_WaitOnRXNEFlagUntilTimeout), (8 bytes).
    Removing stm32h7xx_hal_i2c.o(.text.HAL_I2C_Slave_Transmit), (744 bytes).
    Removing stm32h7xx_hal_i2c.o(.ARM.exidx.text.HAL_I2C_Slave_Transmit), (8 bytes).
    Removing stm32h7xx_hal_i2c.o(.text.I2C_Flush_TXDR), (70 bytes).
    Removing stm32h7xx_hal_i2c.o(.ARM.exidx.text.I2C_Flush_TXDR), (8 bytes).
    Removing stm32h7xx_hal_i2c.o(.text.HAL_I2C_Slave_Receive), (588 bytes).
    Removing stm32h7xx_hal_i2c.o(.ARM.exidx.text.HAL_I2C_Slave_Receive), (8 bytes).
    Removing stm32h7xx_hal_i2c.o(.text.HAL_I2C_Master_Transmit_IT), (372 bytes).
    Removing stm32h7xx_hal_i2c.o(.ARM.exidx.text.HAL_I2C_Master_Transmit_IT), (8 bytes).
    Removing stm32h7xx_hal_i2c.o(.text.I2C_Master_ISR_IT), (744 bytes).
    Removing stm32h7xx_hal_i2c.o(.ARM.exidx.text.I2C_Master_ISR_IT), (8 bytes).
    Removing stm32h7xx_hal_i2c.o(.text.I2C_Enable_IRQ), (326 bytes).
    Removing stm32h7xx_hal_i2c.o(.ARM.exidx.text.I2C_Enable_IRQ), (8 bytes).
    Removing stm32h7xx_hal_i2c.o(.text.HAL_I2C_Master_Receive_IT), (284 bytes).
    Removing stm32h7xx_hal_i2c.o(.ARM.exidx.text.HAL_I2C_Master_Receive_IT), (8 bytes).
    Removing stm32h7xx_hal_i2c.o(.text.HAL_I2C_Slave_Transmit_IT), (246 bytes).
    Removing stm32h7xx_hal_i2c.o(.ARM.exidx.text.HAL_I2C_Slave_Transmit_IT), (8 bytes).
    Removing stm32h7xx_hal_i2c.o(.text.I2C_Slave_ISR_IT), (612 bytes).
    Removing stm32h7xx_hal_i2c.o(.ARM.exidx.text.I2C_Slave_ISR_IT), (8 bytes).
    Removing stm32h7xx_hal_i2c.o(.text.HAL_I2C_Slave_Receive_IT), (198 bytes).
    Removing stm32h7xx_hal_i2c.o(.ARM.exidx.text.HAL_I2C_Slave_Receive_IT), (8 bytes).
    Removing stm32h7xx_hal_i2c.o(.text.HAL_I2C_Master_Transmit_DMA), (642 bytes).
    Removing stm32h7xx_hal_i2c.o(.ARM.exidx.text.HAL_I2C_Master_Transmit_DMA), (8 bytes).
    Removing stm32h7xx_hal_i2c.o(.text.I2C_Master_ISR_DMA), (576 bytes).
    Removing stm32h7xx_hal_i2c.o(.ARM.exidx.text.I2C_Master_ISR_DMA), (8 bytes).
    Removing stm32h7xx_hal_i2c.o(.text.I2C_DMAMasterTransmitCplt), (148 bytes).
    Removing stm32h7xx_hal_i2c.o(.ARM.exidx.text.I2C_DMAMasterTransmitCplt), (8 bytes).
    Removing stm32h7xx_hal_i2c.o(.text.I2C_DMAError), (786 bytes).
    Removing stm32h7xx_hal_i2c.o(.ARM.exidx.text.I2C_DMAError), (8 bytes).
    Removing stm32h7xx_hal_i2c.o(.text.HAL_I2C_Master_Receive_DMA), (574 bytes).
    Removing stm32h7xx_hal_i2c.o(.ARM.exidx.text.HAL_I2C_Master_Receive_DMA), (8 bytes).
    Removing stm32h7xx_hal_i2c.o(.text.I2C_DMAMasterReceiveCplt), (142 bytes).
    Removing stm32h7xx_hal_i2c.o(.ARM.exidx.text.I2C_DMAMasterReceiveCplt), (8 bytes).
    Removing stm32h7xx_hal_i2c.o(.text.HAL_I2C_Slave_Transmit_DMA), (532 bytes).
    Removing stm32h7xx_hal_i2c.o(.ARM.exidx.text.HAL_I2C_Slave_Transmit_DMA), (8 bytes).
    Removing stm32h7xx_hal_i2c.o(.text.I2C_Slave_ISR_DMA), (1260 bytes).
    Removing stm32h7xx_hal_i2c.o(.ARM.exidx.text.I2C_Slave_ISR_DMA), (8 bytes).
    Removing stm32h7xx_hal_i2c.o(.text.I2C_DMASlaveTransmitCplt), (66 bytes).
    Removing stm32h7xx_hal_i2c.o(.ARM.exidx.text.I2C_DMASlaveTransmitCplt), (8 bytes).
    Removing stm32h7xx_hal_i2c.o(.text.HAL_I2C_Slave_Receive_DMA), (432 bytes).
    Removing stm32h7xx_hal_i2c.o(.ARM.exidx.text.HAL_I2C_Slave_Receive_DMA), (8 bytes).
    Removing stm32h7xx_hal_i2c.o(.text.I2C_DMASlaveReceiveCplt), (398 bytes).
    Removing stm32h7xx_hal_i2c.o(.ARM.exidx.text.I2C_DMASlaveReceiveCplt), (8 bytes).
    Removing stm32h7xx_hal_i2c.o(.text.HAL_I2C_Mem_Write), (682 bytes).
    Removing stm32h7xx_hal_i2c.o(.ARM.exidx.text.HAL_I2C_Mem_Write), (8 bytes).
    Removing stm32h7xx_hal_i2c.o(.text.I2C_RequestMemoryWrite), (228 bytes).
    Removing stm32h7xx_hal_i2c.o(.ARM.exidx.text.I2C_RequestMemoryWrite), (8 bytes).
    Removing stm32h7xx_hal_i2c.o(.text.HAL_I2C_Mem_Read), (700 bytes).
    Removing stm32h7xx_hal_i2c.o(.ARM.exidx.text.HAL_I2C_Mem_Read), (8 bytes).
    Removing stm32h7xx_hal_i2c.o(.text.I2C_RequestMemoryRead), (226 bytes).
    Removing stm32h7xx_hal_i2c.o(.ARM.exidx.text.I2C_RequestMemoryRead), (8 bytes).
    Removing stm32h7xx_hal_i2c.o(.text.HAL_I2C_Mem_Write_IT), (358 bytes).
    Removing stm32h7xx_hal_i2c.o(.ARM.exidx.text.HAL_I2C_Mem_Write_IT), (8 bytes).
    Removing stm32h7xx_hal_i2c.o(.text.I2C_Mem_ISR_IT), (728 bytes).
    Removing stm32h7xx_hal_i2c.o(.ARM.exidx.text.I2C_Mem_ISR_IT), (8 bytes).
    Removing stm32h7xx_hal_i2c.o(.text.HAL_I2C_Mem_Read_IT), (352 bytes).
    Removing stm32h7xx_hal_i2c.o(.ARM.exidx.text.HAL_I2C_Mem_Read_IT), (8 bytes).
    Removing stm32h7xx_hal_i2c.o(.text.HAL_I2C_Mem_Write_DMA), (574 bytes).
    Removing stm32h7xx_hal_i2c.o(.ARM.exidx.text.HAL_I2C_Mem_Write_DMA), (8 bytes).
    Removing stm32h7xx_hal_i2c.o(.text.I2C_Mem_ISR_DMA), (706 bytes).
    Removing stm32h7xx_hal_i2c.o(.ARM.exidx.text.I2C_Mem_ISR_DMA), (8 bytes).
    Removing stm32h7xx_hal_i2c.o(.text.HAL_I2C_Mem_Read_DMA), (568 bytes).
    Removing stm32h7xx_hal_i2c.o(.ARM.exidx.text.HAL_I2C_Mem_Read_DMA), (8 bytes).
    Removing stm32h7xx_hal_i2c.o(.text.HAL_I2C_IsDeviceReady), (638 bytes).
    Removing stm32h7xx_hal_i2c.o(.ARM.exidx.text.HAL_I2C_IsDeviceReady), (8 bytes).
    Removing stm32h7xx_hal_i2c.o(.text.HAL_I2C_Master_Seq_Transmit_IT), (468 bytes).
    Removing stm32h7xx_hal_i2c.o(.ARM.exidx.text.HAL_I2C_Master_Seq_Transmit_IT), (8 bytes).
    Removing stm32h7xx_hal_i2c.o(.text.I2C_ConvertOtherXferOptions), (56 bytes).
    Removing stm32h7xx_hal_i2c.o(.ARM.exidx.text.I2C_ConvertOtherXferOptions), (8 bytes).
    Removing stm32h7xx_hal_i2c.o(.text.HAL_I2C_Master_Seq_Transmit_DMA), (802 bytes).
    Removing stm32h7xx_hal_i2c.o(.ARM.exidx.text.HAL_I2C_Master_Seq_Transmit_DMA), (8 bytes).
    Removing stm32h7xx_hal_i2c.o(.text.HAL_I2C_Master_Seq_Receive_IT), (346 bytes).
    Removing stm32h7xx_hal_i2c.o(.ARM.exidx.text.HAL_I2C_Master_Seq_Receive_IT), (8 bytes).
    Removing stm32h7xx_hal_i2c.o(.text.HAL_I2C_Master_Seq_Receive_DMA), (634 bytes).
    Removing stm32h7xx_hal_i2c.o(.ARM.exidx.text.HAL_I2C_Master_Seq_Receive_DMA), (8 bytes).
    Removing stm32h7xx_hal_i2c.o(.text.HAL_I2C_Slave_Seq_Transmit_IT), (404 bytes).
    Removing stm32h7xx_hal_i2c.o(.ARM.exidx.text.HAL_I2C_Slave_Seq_Transmit_IT), (8 bytes).
    Removing stm32h7xx_hal_i2c.o(.text.I2C_Disable_IRQ), (216 bytes).
    Removing stm32h7xx_hal_i2c.o(.ARM.exidx.text.I2C_Disable_IRQ), (8 bytes).
    Removing stm32h7xx_hal_i2c.o(.text.I2C_DMAAbort), (66 bytes).
    Removing stm32h7xx_hal_i2c.o(.ARM.exidx.text.I2C_DMAAbort), (8 bytes).
    Removing stm32h7xx_hal_i2c.o(.text.HAL_I2C_Slave_Seq_Transmit_DMA), (718 bytes).
    Removing stm32h7xx_hal_i2c.o(.ARM.exidx.text.HAL_I2C_Slave_Seq_Transmit_DMA), (8 bytes).
    Removing stm32h7xx_hal_i2c.o(.text.HAL_I2C_Slave_Seq_Receive_IT), (402 bytes).
    Removing stm32h7xx_hal_i2c.o(.ARM.exidx.text.HAL_I2C_Slave_Seq_Receive_IT), (8 bytes).
    Removing stm32h7xx_hal_i2c.o(.text.HAL_I2C_Slave_Seq_Receive_DMA), (714 bytes).
    Removing stm32h7xx_hal_i2c.o(.ARM.exidx.text.HAL_I2C_Slave_Seq_Receive_DMA), (8 bytes).
    Removing stm32h7xx_hal_i2c.o(.text.HAL_I2C_EnableListen_IT), (76 bytes).
    Removing stm32h7xx_hal_i2c.o(.ARM.exidx.text.HAL_I2C_EnableListen_IT), (8 bytes).
    Removing stm32h7xx_hal_i2c.o(.text.HAL_I2C_DisableListen_IT), (106 bytes).
    Removing stm32h7xx_hal_i2c.o(.ARM.exidx.text.HAL_I2C_DisableListen_IT), (8 bytes).
    Removing stm32h7xx_hal_i2c.o(.text.HAL_I2C_Master_Abort_IT), (222 bytes).
    Removing stm32h7xx_hal_i2c.o(.ARM.exidx.text.HAL_I2C_Master_Abort_IT), (8 bytes).
    Removing stm32h7xx_hal_i2c.o(.text.HAL_I2C_EV_IRQHandler), (62 bytes).
    Removing stm32h7xx_hal_i2c.o(.ARM.exidx.text.HAL_I2C_EV_IRQHandler), (8 bytes).
    Removing stm32h7xx_hal_i2c.o(.text.HAL_I2C_ER_IRQHandler), (214 bytes).
    Removing stm32h7xx_hal_i2c.o(.ARM.exidx.text.HAL_I2C_ER_IRQHandler), (8 bytes).
    Removing stm32h7xx_hal_i2c.o(.text.I2C_ITError), (522 bytes).
    Removing stm32h7xx_hal_i2c.o(.ARM.exidx.text.I2C_ITError), (8 bytes).
    Removing stm32h7xx_hal_i2c.o(.text.HAL_I2C_MasterTxCpltCallback), (12 bytes).
    Removing stm32h7xx_hal_i2c.o(.ARM.exidx.text.HAL_I2C_MasterTxCpltCallback), (8 bytes).
    Removing stm32h7xx_hal_i2c.o(.text.HAL_I2C_MasterRxCpltCallback), (12 bytes).
    Removing stm32h7xx_hal_i2c.o(.ARM.exidx.text.HAL_I2C_MasterRxCpltCallback), (8 bytes).
    Removing stm32h7xx_hal_i2c.o(.text.HAL_I2C_SlaveTxCpltCallback), (12 bytes).
    Removing stm32h7xx_hal_i2c.o(.ARM.exidx.text.HAL_I2C_SlaveTxCpltCallback), (8 bytes).
    Removing stm32h7xx_hal_i2c.o(.text.HAL_I2C_SlaveRxCpltCallback), (12 bytes).
    Removing stm32h7xx_hal_i2c.o(.ARM.exidx.text.HAL_I2C_SlaveRxCpltCallback), (8 bytes).
    Removing stm32h7xx_hal_i2c.o(.text.HAL_I2C_AddrCallback), (34 bytes).
    Removing stm32h7xx_hal_i2c.o(.ARM.exidx.text.HAL_I2C_AddrCallback), (8 bytes).
    Removing stm32h7xx_hal_i2c.o(.text.HAL_I2C_ListenCpltCallback), (12 bytes).
    Removing stm32h7xx_hal_i2c.o(.ARM.exidx.text.HAL_I2C_ListenCpltCallback), (8 bytes).
    Removing stm32h7xx_hal_i2c.o(.text.HAL_I2C_MemTxCpltCallback), (12 bytes).
    Removing stm32h7xx_hal_i2c.o(.ARM.exidx.text.HAL_I2C_MemTxCpltCallback), (8 bytes).
    Removing stm32h7xx_hal_i2c.o(.text.HAL_I2C_MemRxCpltCallback), (12 bytes).
    Removing stm32h7xx_hal_i2c.o(.ARM.exidx.text.HAL_I2C_MemRxCpltCallback), (8 bytes).
    Removing stm32h7xx_hal_i2c.o(.text.HAL_I2C_ErrorCallback), (12 bytes).
    Removing stm32h7xx_hal_i2c.o(.ARM.exidx.text.HAL_I2C_ErrorCallback), (8 bytes).
    Removing stm32h7xx_hal_i2c.o(.text.HAL_I2C_AbortCpltCallback), (12 bytes).
    Removing stm32h7xx_hal_i2c.o(.ARM.exidx.text.HAL_I2C_AbortCpltCallback), (8 bytes).
    Removing stm32h7xx_hal_i2c.o(.text.HAL_I2C_GetState), (18 bytes).
    Removing stm32h7xx_hal_i2c.o(.ARM.exidx.text.HAL_I2C_GetState), (8 bytes).
    Removing stm32h7xx_hal_i2c.o(.text.HAL_I2C_GetMode), (18 bytes).
    Removing stm32h7xx_hal_i2c.o(.ARM.exidx.text.HAL_I2C_GetMode), (8 bytes).
    Removing stm32h7xx_hal_i2c.o(.text.HAL_I2C_GetError), (16 bytes).
    Removing stm32h7xx_hal_i2c.o(.ARM.exidx.text.HAL_I2C_GetError), (8 bytes).
    Removing stm32h7xx_hal_i2c.o(.text.I2C_ITMasterSeqCplt), (130 bytes).
    Removing stm32h7xx_hal_i2c.o(.ARM.exidx.text.I2C_ITMasterSeqCplt), (8 bytes).
    Removing stm32h7xx_hal_i2c.o(.text.I2C_ITMasterCplt), (448 bytes).
    Removing stm32h7xx_hal_i2c.o(.ARM.exidx.text.I2C_ITMasterCplt), (8 bytes).
    Removing stm32h7xx_hal_i2c.o(.text.I2C_ITSlaveCplt), (1468 bytes).
    Removing stm32h7xx_hal_i2c.o(.ARM.exidx.text.I2C_ITSlaveCplt), (8 bytes).
    Removing stm32h7xx_hal_i2c.o(.text.I2C_ITListenCplt), (168 bytes).
    Removing stm32h7xx_hal_i2c.o(.ARM.exidx.text.I2C_ITListenCplt), (8 bytes).
    Removing stm32h7xx_hal_i2c.o(.text.I2C_ITSlaveSeqCplt), (204 bytes).
    Removing stm32h7xx_hal_i2c.o(.ARM.exidx.text.I2C_ITSlaveSeqCplt), (8 bytes).
    Removing stm32h7xx_hal_i2c.o(.text.I2C_ITAddrCplt), (308 bytes).
    Removing stm32h7xx_hal_i2c.o(.ARM.exidx.text.I2C_ITAddrCplt), (8 bytes).
    Removing stm32h7xx_hal_i2c.o(.text.I2C_TreatErrorCallback), (86 bytes).
    Removing stm32h7xx_hal_i2c.o(.ARM.exidx.text.I2C_TreatErrorCallback), (8 bytes).
    Removing stm32h7xx_hal_i2c.o(.text.I2C_IsErrorOccurred), (544 bytes).
    Removing stm32h7xx_hal_i2c.o(.ARM.exidx.text.I2C_IsErrorOccurred), (8 bytes).
    Removing stm32h7xx_hal_i2c_ex.o(.text), (0 bytes).
    Removing stm32h7xx_hal_i2c_ex.o(.text.HAL_I2CEx_ConfigAnalogFilter), (160 bytes).
    Removing stm32h7xx_hal_i2c_ex.o(.ARM.exidx.text.HAL_I2CEx_ConfigAnalogFilter), (8 bytes).
    Removing stm32h7xx_hal_i2c_ex.o(.text.HAL_I2CEx_ConfigDigitalFilter), (170 bytes).
    Removing stm32h7xx_hal_i2c_ex.o(.ARM.exidx.text.HAL_I2CEx_ConfigDigitalFilter), (8 bytes).
    Removing stm32h7xx_hal_i2c_ex.o(.text.HAL_I2CEx_EnableWakeUp), (142 bytes).
    Removing stm32h7xx_hal_i2c_ex.o(.ARM.exidx.text.HAL_I2CEx_EnableWakeUp), (8 bytes).
    Removing stm32h7xx_hal_i2c_ex.o(.text.HAL_I2CEx_DisableWakeUp), (142 bytes).
    Removing stm32h7xx_hal_i2c_ex.o(.ARM.exidx.text.HAL_I2CEx_DisableWakeUp), (8 bytes).
    Removing stm32h7xx_hal_i2c_ex.o(.text.HAL_I2CEx_EnableFastModePlus), (60 bytes).
    Removing stm32h7xx_hal_i2c_ex.o(.ARM.exidx.text.HAL_I2CEx_EnableFastModePlus), (8 bytes).
    Removing stm32h7xx_hal_i2c_ex.o(.text.HAL_I2CEx_DisableFastModePlus), (62 bytes).
    Removing stm32h7xx_hal_i2c_ex.o(.ARM.exidx.text.HAL_I2CEx_DisableFastModePlus), (8 bytes).
    Removing stm32h7xx_hal_i2s.o(.text), (0 bytes).
    Removing stm32h7xx_hal_i2s_ex.o(.text), (0 bytes).
    Removing stm32h7xx_hal_irda.o(.text), (0 bytes).
    Removing stm32h7xx_hal_iwdg.o(.text), (0 bytes).
    Removing stm32h7xx_hal_jpeg.o(.text), (0 bytes).
    Removing stm32h7xx_hal_lptim.o(.text), (0 bytes).
    Removing stm32h7xx_hal_ltdc.o(.text), (0 bytes).
    Removing stm32h7xx_hal_ltdc_ex.o(.text), (0 bytes).
    Removing stm32h7xx_hal_mdios.o(.text), (0 bytes).
    Removing stm32h7xx_hal_mdma.o(.text), (0 bytes).
    Removing stm32h7xx_hal_mdma.o(.text.HAL_MDMA_Init), (178 bytes).
    Removing stm32h7xx_hal_mdma.o(.ARM.exidx.text.HAL_MDMA_Init), (8 bytes).
    Removing stm32h7xx_hal_mdma.o(.text.MDMA_Init), (298 bytes).
    Removing stm32h7xx_hal_mdma.o(.ARM.exidx.text.MDMA_Init), (8 bytes).
    Removing stm32h7xx_hal_mdma.o(.text.HAL_MDMA_DeInit), (156 bytes).
    Removing stm32h7xx_hal_mdma.o(.ARM.exidx.text.HAL_MDMA_DeInit), (8 bytes).
    Removing stm32h7xx_hal_mdma.o(.text.HAL_MDMA_ConfigPostRequestMask), (210 bytes).
    Removing stm32h7xx_hal_mdma.o(.ARM.exidx.text.HAL_MDMA_ConfigPostRequestMask), (8 bytes).
    Removing stm32h7xx_hal_mdma.o(.text.HAL_MDMA_RegisterCallback), (210 bytes).
    Removing stm32h7xx_hal_mdma.o(.ARM.exidx.text.HAL_MDMA_RegisterCallback), (8 bytes).
    Removing stm32h7xx_hal_mdma.o(.text.HAL_MDMA_UnRegisterCallback), (234 bytes).
    Removing stm32h7xx_hal_mdma.o(.ARM.exidx.text.HAL_MDMA_UnRegisterCallback), (8 bytes).
    Removing stm32h7xx_hal_mdma.o(.text.HAL_MDMA_LinkedList_CreateNode), (462 bytes).
    Removing stm32h7xx_hal_mdma.o(.ARM.exidx.text.HAL_MDMA_LinkedList_CreateNode), (8 bytes).
    Removing stm32h7xx_hal_mdma.o(.text.HAL_MDMA_LinkedList_AddNode), (532 bytes).
    Removing stm32h7xx_hal_mdma.o(.ARM.exidx.text.HAL_MDMA_LinkedList_AddNode), (8 bytes).
    Removing stm32h7xx_hal_mdma.o(.text.HAL_MDMA_LinkedList_RemoveNode), (440 bytes).
    Removing stm32h7xx_hal_mdma.o(.ARM.exidx.text.HAL_MDMA_LinkedList_RemoveNode), (8 bytes).
    Removing stm32h7xx_hal_mdma.o(.text.HAL_MDMA_LinkedList_EnableCircularMode), (172 bytes).
    Removing stm32h7xx_hal_mdma.o(.ARM.exidx.text.HAL_MDMA_LinkedList_EnableCircularMode), (8 bytes).
    Removing stm32h7xx_hal_mdma.o(.text.HAL_MDMA_LinkedList_DisableCircularMode), (172 bytes).
    Removing stm32h7xx_hal_mdma.o(.ARM.exidx.text.HAL_MDMA_LinkedList_DisableCircularMode), (8 bytes).
    Removing stm32h7xx_hal_mdma.o(.text.HAL_MDMA_Start), (224 bytes).
    Removing stm32h7xx_hal_mdma.o(.ARM.exidx.text.HAL_MDMA_Start), (8 bytes).
    Removing stm32h7xx_hal_mdma.o(.text.MDMA_SetConfig), (230 bytes).
    Removing stm32h7xx_hal_mdma.o(.ARM.exidx.text.MDMA_SetConfig), (8 bytes).
    Removing stm32h7xx_hal_mdma.o(.text.HAL_MDMA_Start_IT), (308 bytes).
    Removing stm32h7xx_hal_mdma.o(.ARM.exidx.text.HAL_MDMA_Start_IT), (8 bytes).
    Removing stm32h7xx_hal_mdma.o(.text.HAL_MDMA_Abort), (214 bytes).
    Removing stm32h7xx_hal_mdma.o(.ARM.exidx.text.HAL_MDMA_Abort), (8 bytes).
    Removing stm32h7xx_hal_mdma.o(.text.HAL_MDMA_Abort_IT), (88 bytes).
    Removing stm32h7xx_hal_mdma.o(.ARM.exidx.text.HAL_MDMA_Abort_IT), (8 bytes).
    Removing stm32h7xx_hal_mdma.o(.text.HAL_MDMA_PollForTransfer), (522 bytes).
    Removing stm32h7xx_hal_mdma.o(.ARM.exidx.text.HAL_MDMA_PollForTransfer), (8 bytes).
    Removing stm32h7xx_hal_mdma.o(.text.HAL_MDMA_GenerateSWRequest), (130 bytes).
    Removing stm32h7xx_hal_mdma.o(.ARM.exidx.text.HAL_MDMA_GenerateSWRequest), (8 bytes).
    Removing stm32h7xx_hal_mdma.o(.text.HAL_MDMA_IRQHandler), (726 bytes).
    Removing stm32h7xx_hal_mdma.o(.ARM.exidx.text.HAL_MDMA_IRQHandler), (8 bytes).
    Removing stm32h7xx_hal_mdma.o(.text.HAL_MDMA_GetState), (18 bytes).
    Removing stm32h7xx_hal_mdma.o(.ARM.exidx.text.HAL_MDMA_GetState), (8 bytes).
    Removing stm32h7xx_hal_mdma.o(.text.HAL_MDMA_GetError), (16 bytes).
    Removing stm32h7xx_hal_mdma.o(.ARM.exidx.text.HAL_MDMA_GetError), (8 bytes).
    Removing stm32h7xx_hal_mmc.o(.text), (0 bytes).
    Removing stm32h7xx_hal_mmc_ex.o(.text), (0 bytes).
    Removing stm32h7xx_hal_msp_template.o(.text), (0 bytes).
    Removing stm32h7xx_hal_msp_template.o(.text.HAL_MspInit), (2 bytes).
    Removing stm32h7xx_hal_msp_template.o(.ARM.exidx.text.HAL_MspInit), (8 bytes).
    Removing stm32h7xx_hal_msp_template.o(.text.HAL_MspDeInit), (2 bytes).
    Removing stm32h7xx_hal_msp_template.o(.ARM.exidx.text.HAL_MspDeInit), (8 bytes).
    Removing stm32h7xx_hal_msp_template.o(.text.HAL_PPP_MspInit), (2 bytes).
    Removing stm32h7xx_hal_msp_template.o(.ARM.exidx.text.HAL_PPP_MspInit), (8 bytes).
    Removing stm32h7xx_hal_msp_template.o(.text.HAL_PPP_MspDeInit), (2 bytes).
    Removing stm32h7xx_hal_msp_template.o(.ARM.exidx.text.HAL_PPP_MspDeInit), (8 bytes).
    Removing stm32h7xx_hal_nand.o(.text), (0 bytes).
    Removing stm32h7xx_hal_nor.o(.text), (0 bytes).
    Removing stm32h7xx_hal_opamp.o(.text), (0 bytes).
    Removing stm32h7xx_hal_opamp_ex.o(.text), (0 bytes).
    Removing stm32h7xx_hal_ospi.o(.text), (0 bytes).
    Removing stm32h7xx_hal_otfdec.o(.text), (0 bytes).
    Removing stm32h7xx_hal_pcd.o(.text), (0 bytes).
    Removing stm32h7xx_hal_pcd_ex.o(.text), (0 bytes).
    Removing stm32h7xx_hal_pssi.o(.text), (0 bytes).
    Removing stm32h7xx_hal_pwr.o(.text), (0 bytes).
    Removing stm32h7xx_hal_pwr.o(.text.HAL_PWR_DeInit), (2 bytes).
    Removing stm32h7xx_hal_pwr.o(.ARM.exidx.text.HAL_PWR_DeInit), (8 bytes).
    Removing stm32h7xx_hal_pwr.o(.text.HAL_PWR_EnableBkUpAccess), (18 bytes).
    Removing stm32h7xx_hal_pwr.o(.ARM.exidx.text.HAL_PWR_EnableBkUpAccess), (8 bytes).
    Removing stm32h7xx_hal_pwr.o(.text.HAL_PWR_DisableBkUpAccess), (18 bytes).
    Removing stm32h7xx_hal_pwr.o(.ARM.exidx.text.HAL_PWR_DisableBkUpAccess), (8 bytes).
    Removing stm32h7xx_hal_pwr.o(.text.HAL_PWR_ConfigPVD), (208 bytes).
    Removing stm32h7xx_hal_pwr.o(.ARM.exidx.text.HAL_PWR_ConfigPVD), (8 bytes).
    Removing stm32h7xx_hal_pwr.o(.text.HAL_PWR_EnablePVD), (18 bytes).
    Removing stm32h7xx_hal_pwr.o(.ARM.exidx.text.HAL_PWR_EnablePVD), (8 bytes).
    Removing stm32h7xx_hal_pwr.o(.text.HAL_PWR_DisablePVD), (18 bytes).
    Removing stm32h7xx_hal_pwr.o(.ARM.exidx.text.HAL_PWR_DisablePVD), (8 bytes).
    Removing stm32h7xx_hal_pwr.o(.text.HAL_PWR_EnableWakeUpPin), (38 bytes).
    Removing stm32h7xx_hal_pwr.o(.ARM.exidx.text.HAL_PWR_EnableWakeUpPin), (8 bytes).
    Removing stm32h7xx_hal_pwr.o(.text.HAL_PWR_DisableWakeUpPin), (36 bytes).
    Removing stm32h7xx_hal_pwr.o(.ARM.exidx.text.HAL_PWR_DisableWakeUpPin), (8 bytes).
    Removing stm32h7xx_hal_pwr.o(.text.HAL_PWR_EnterSLEEPMode), (54 bytes).
    Removing stm32h7xx_hal_pwr.o(.ARM.exidx.text.HAL_PWR_EnterSLEEPMode), (8 bytes).
    Removing stm32h7xx_hal_pwr.o(.text.HAL_PWR_EnterSTOPMode), (126 bytes).
    Removing stm32h7xx_hal_pwr.o(.ARM.exidx.text.HAL_PWR_EnterSTOPMode), (8 bytes).
    Removing stm32h7xx_hal_pwr.o(.text.HAL_PWR_EnterSTANDBYMode), (52 bytes).
    Removing stm32h7xx_hal_pwr.o(.ARM.exidx.text.HAL_PWR_EnterSTANDBYMode), (8 bytes).
    Removing stm32h7xx_hal_pwr.o(.text.HAL_PWR_EnableSleepOnExit), (18 bytes).
    Removing stm32h7xx_hal_pwr.o(.ARM.exidx.text.HAL_PWR_EnableSleepOnExit), (8 bytes).
    Removing stm32h7xx_hal_pwr.o(.text.HAL_PWR_DisableSleepOnExit), (18 bytes).
    Removing stm32h7xx_hal_pwr.o(.ARM.exidx.text.HAL_PWR_DisableSleepOnExit), (8 bytes).
    Removing stm32h7xx_hal_pwr.o(.text.HAL_PWR_EnableSEVOnPend), (18 bytes).
    Removing stm32h7xx_hal_pwr.o(.ARM.exidx.text.HAL_PWR_EnableSEVOnPend), (8 bytes).
    Removing stm32h7xx_hal_pwr.o(.text.HAL_PWR_DisableSEVOnPend), (18 bytes).
    Removing stm32h7xx_hal_pwr.o(.ARM.exidx.text.HAL_PWR_DisableSEVOnPend), (8 bytes).
    Removing stm32h7xx_hal_pwr.o(.text.HAL_PWR_PVD_IRQHandler), (46 bytes).
    Removing stm32h7xx_hal_pwr.o(.ARM.exidx.text.HAL_PWR_PVD_IRQHandler), (8 bytes).
    Removing stm32h7xx_hal_pwr.o(.text.HAL_PWR_PVDCallback), (2 bytes).
    Removing stm32h7xx_hal_pwr.o(.ARM.exidx.text.HAL_PWR_PVDCallback), (8 bytes).
    Removing stm32h7xx_hal_pwr_ex.o(.text), (0 bytes).
    Removing stm32h7xx_hal_pwr_ex.o(.text.HAL_PWREx_ConfigSupply), (170 bytes).
    Removing stm32h7xx_hal_pwr_ex.o(.ARM.exidx.text.HAL_PWREx_ConfigSupply), (8 bytes).
    Removing stm32h7xx_hal_pwr_ex.o(.text.HAL_PWREx_GetSupplyConfig), (16 bytes).
    Removing stm32h7xx_hal_pwr_ex.o(.ARM.exidx.text.HAL_PWREx_GetSupplyConfig), (8 bytes).
    Removing stm32h7xx_hal_pwr_ex.o(.text.HAL_PWREx_ControlVoltageScaling), (394 bytes).
    Removing stm32h7xx_hal_pwr_ex.o(.ARM.exidx.text.HAL_PWREx_ControlVoltageScaling), (8 bytes).
    Removing stm32h7xx_hal_pwr_ex.o(.text.HAL_PWREx_GetVoltageRange), (16 bytes).
    Removing stm32h7xx_hal_pwr_ex.o(.ARM.exidx.text.HAL_PWREx_GetVoltageRange), (8 bytes).
    Removing stm32h7xx_hal_pwr_ex.o(.text.HAL_PWREx_ControlStopModeVoltageScaling), (34 bytes).
    Removing stm32h7xx_hal_pwr_ex.o(.ARM.exidx.text.HAL_PWREx_ControlStopModeVoltageScaling), (8 bytes).
    Removing stm32h7xx_hal_pwr_ex.o(.text.HAL_PWREx_GetStopModeVoltageRange), (16 bytes).
    Removing stm32h7xx_hal_pwr_ex.o(.ARM.exidx.text.HAL_PWREx_GetStopModeVoltageRange), (8 bytes).
    Removing stm32h7xx_hal_pwr_ex.o(.text.HAL_PWREx_EnterSTOPMode), (182 bytes).
    Removing stm32h7xx_hal_pwr_ex.o(.ARM.exidx.text.HAL_PWREx_EnterSTOPMode), (8 bytes).
    Removing stm32h7xx_hal_pwr_ex.o(.text.HAL_PWREx_ClearPendingEvent), (4 bytes).
    Removing stm32h7xx_hal_pwr_ex.o(.ARM.exidx.text.HAL_PWREx_ClearPendingEvent), (8 bytes).
    Removing stm32h7xx_hal_pwr_ex.o(.text.HAL_PWREx_EnterSTANDBYMode), (102 bytes).
    Removing stm32h7xx_hal_pwr_ex.o(.ARM.exidx.text.HAL_PWREx_EnterSTANDBYMode), (8 bytes).
    Removing stm32h7xx_hal_pwr_ex.o(.text.HAL_PWREx_ConfigD3Domain), (32 bytes).
    Removing stm32h7xx_hal_pwr_ex.o(.ARM.exidx.text.HAL_PWREx_ConfigD3Domain), (8 bytes).
    Removing stm32h7xx_hal_pwr_ex.o(.text.HAL_PWREx_EnableFlashPowerDown), (18 bytes).
    Removing stm32h7xx_hal_pwr_ex.o(.ARM.exidx.text.HAL_PWREx_EnableFlashPowerDown), (8 bytes).
    Removing stm32h7xx_hal_pwr_ex.o(.text.HAL_PWREx_DisableFlashPowerDown), (18 bytes).
    Removing stm32h7xx_hal_pwr_ex.o(.ARM.exidx.text.HAL_PWREx_DisableFlashPowerDown), (8 bytes).
    Removing stm32h7xx_hal_pwr_ex.o(.text.HAL_PWREx_EnableWakeUpPin), (326 bytes).
    Removing stm32h7xx_hal_pwr_ex.o(.ARM.exidx.text.HAL_PWREx_EnableWakeUpPin), (8 bytes).
    Removing stm32h7xx_hal_pwr_ex.o(.text.HAL_PWREx_DisableWakeUpPin), (30 bytes).
    Removing stm32h7xx_hal_pwr_ex.o(.ARM.exidx.text.HAL_PWREx_DisableWakeUpPin), (8 bytes).
    Removing stm32h7xx_hal_pwr_ex.o(.text.HAL_PWREx_GetWakeupFlag), (26 bytes).
    Removing stm32h7xx_hal_pwr_ex.o(.ARM.exidx.text.HAL_PWREx_GetWakeupFlag), (8 bytes).
    Removing stm32h7xx_hal_pwr_ex.o(.text.HAL_PWREx_ClearWakeupFlag), (66 bytes).
    Removing stm32h7xx_hal_pwr_ex.o(.ARM.exidx.text.HAL_PWREx_ClearWakeupFlag), (8 bytes).
    Removing stm32h7xx_hal_pwr_ex.o(.text.HAL_PWREx_WAKEUP_PIN_IRQHandler), (234 bytes).
    Removing stm32h7xx_hal_pwr_ex.o(.ARM.exidx.text.HAL_PWREx_WAKEUP_PIN_IRQHandler), (8 bytes).
    Removing stm32h7xx_hal_pwr_ex.o(.text.HAL_PWREx_WKUP1_Callback), (2 bytes).
    Removing stm32h7xx_hal_pwr_ex.o(.ARM.exidx.text.HAL_PWREx_WKUP1_Callback), (8 bytes).
    Removing stm32h7xx_hal_pwr_ex.o(.text.HAL_PWREx_WKUP2_Callback), (2 bytes).
    Removing stm32h7xx_hal_pwr_ex.o(.ARM.exidx.text.HAL_PWREx_WKUP2_Callback), (8 bytes).
    Removing stm32h7xx_hal_pwr_ex.o(.text.HAL_PWREx_WKUP3_Callback), (2 bytes).
    Removing stm32h7xx_hal_pwr_ex.o(.ARM.exidx.text.HAL_PWREx_WKUP3_Callback), (8 bytes).
    Removing stm32h7xx_hal_pwr_ex.o(.text.HAL_PWREx_WKUP4_Callback), (2 bytes).
    Removing stm32h7xx_hal_pwr_ex.o(.ARM.exidx.text.HAL_PWREx_WKUP4_Callback), (8 bytes).
    Removing stm32h7xx_hal_pwr_ex.o(.text.HAL_PWREx_WKUP5_Callback), (2 bytes).
    Removing stm32h7xx_hal_pwr_ex.o(.ARM.exidx.text.HAL_PWREx_WKUP5_Callback), (8 bytes).
    Removing stm32h7xx_hal_pwr_ex.o(.text.HAL_PWREx_WKUP6_Callback), (2 bytes).
    Removing stm32h7xx_hal_pwr_ex.o(.ARM.exidx.text.HAL_PWREx_WKUP6_Callback), (8 bytes).
    Removing stm32h7xx_hal_pwr_ex.o(.text.HAL_PWREx_EnableBkUpReg), (98 bytes).
    Removing stm32h7xx_hal_pwr_ex.o(.ARM.exidx.text.HAL_PWREx_EnableBkUpReg), (8 bytes).
    Removing stm32h7xx_hal_pwr_ex.o(.text.HAL_PWREx_DisableBkUpReg), (98 bytes).
    Removing stm32h7xx_hal_pwr_ex.o(.ARM.exidx.text.HAL_PWREx_DisableBkUpReg), (8 bytes).
    Removing stm32h7xx_hal_pwr_ex.o(.text.HAL_PWREx_EnableUSBReg), (98 bytes).
    Removing stm32h7xx_hal_pwr_ex.o(.ARM.exidx.text.HAL_PWREx_EnableUSBReg), (8 bytes).
    Removing stm32h7xx_hal_pwr_ex.o(.text.HAL_PWREx_DisableUSBReg), (98 bytes).
    Removing stm32h7xx_hal_pwr_ex.o(.ARM.exidx.text.HAL_PWREx_DisableUSBReg), (8 bytes).
    Removing stm32h7xx_hal_pwr_ex.o(.text.HAL_PWREx_EnableUSBVoltageDetector), (18 bytes).
    Removing stm32h7xx_hal_pwr_ex.o(.ARM.exidx.text.HAL_PWREx_EnableUSBVoltageDetector), (8 bytes).
    Removing stm32h7xx_hal_pwr_ex.o(.text.HAL_PWREx_DisableUSBVoltageDetector), (18 bytes).
    Removing stm32h7xx_hal_pwr_ex.o(.ARM.exidx.text.HAL_PWREx_DisableUSBVoltageDetector), (8 bytes).
    Removing stm32h7xx_hal_pwr_ex.o(.text.HAL_PWREx_EnableBatteryCharging), (40 bytes).
    Removing stm32h7xx_hal_pwr_ex.o(.ARM.exidx.text.HAL_PWREx_EnableBatteryCharging), (8 bytes).
    Removing stm32h7xx_hal_pwr_ex.o(.text.HAL_PWREx_DisableBatteryCharging), (18 bytes).
    Removing stm32h7xx_hal_pwr_ex.o(.ARM.exidx.text.HAL_PWREx_DisableBatteryCharging), (8 bytes).
    Removing stm32h7xx_hal_pwr_ex.o(.text.HAL_PWREx_EnableMonitoring), (18 bytes).
    Removing stm32h7xx_hal_pwr_ex.o(.ARM.exidx.text.HAL_PWREx_EnableMonitoring), (8 bytes).
    Removing stm32h7xx_hal_pwr_ex.o(.text.HAL_PWREx_DisableMonitoring), (18 bytes).
    Removing stm32h7xx_hal_pwr_ex.o(.ARM.exidx.text.HAL_PWREx_DisableMonitoring), (8 bytes).
    Removing stm32h7xx_hal_pwr_ex.o(.text.HAL_PWREx_GetTemperatureLevel), (68 bytes).
    Removing stm32h7xx_hal_pwr_ex.o(.ARM.exidx.text.HAL_PWREx_GetTemperatureLevel), (8 bytes).
    Removing stm32h7xx_hal_pwr_ex.o(.text.HAL_PWREx_GetVBATLevel), (68 bytes).
    Removing stm32h7xx_hal_pwr_ex.o(.ARM.exidx.text.HAL_PWREx_GetVBATLevel), (8 bytes).
    Removing stm32h7xx_hal_pwr_ex.o(.text.HAL_PWREx_ConfigAVD), (198 bytes).
    Removing stm32h7xx_hal_pwr_ex.o(.ARM.exidx.text.HAL_PWREx_ConfigAVD), (8 bytes).
    Removing stm32h7xx_hal_pwr_ex.o(.text.HAL_PWREx_EnableAVD), (18 bytes).
    Removing stm32h7xx_hal_pwr_ex.o(.ARM.exidx.text.HAL_PWREx_EnableAVD), (8 bytes).
    Removing stm32h7xx_hal_pwr_ex.o(.text.HAL_PWREx_DisableAVD), (18 bytes).
    Removing stm32h7xx_hal_pwr_ex.o(.ARM.exidx.text.HAL_PWREx_DisableAVD), (8 bytes).
    Removing stm32h7xx_hal_pwr_ex.o(.text.HAL_PWREx_PVD_AVD_IRQHandler), (184 bytes).
    Removing stm32h7xx_hal_pwr_ex.o(.ARM.exidx.text.HAL_PWREx_PVD_AVD_IRQHandler), (8 bytes).
    Removing stm32h7xx_hal_pwr_ex.o(.text.HAL_PWREx_AVDCallback), (2 bytes).
    Removing stm32h7xx_hal_pwr_ex.o(.ARM.exidx.text.HAL_PWREx_AVDCallback), (8 bytes).
    Removing stm32h7xx_hal_qspi.o(.text), (0 bytes).
    Removing stm32h7xx_hal_ramecc.o(.text), (0 bytes).
    Removing stm32h7xx_hal_rcc.o(.text), (0 bytes).
    Removing stm32h7xx_hal_rcc.o(.text.HAL_RCC_DeInit), (848 bytes).
    Removing stm32h7xx_hal_rcc.o(.ARM.exidx.text.HAL_RCC_DeInit), (8 bytes).
    Removing stm32h7xx_hal_rcc.o(.text.HAL_RCC_OscConfig), (3000 bytes).
    Removing stm32h7xx_hal_rcc.o(.ARM.exidx.text.HAL_RCC_OscConfig), (8 bytes).
    Removing stm32h7xx_hal_rcc.o(.text.HAL_RCC_ClockConfig), (1194 bytes).
    Removing stm32h7xx_hal_rcc.o(.ARM.exidx.text.HAL_RCC_ClockConfig), (8 bytes).
    Removing stm32h7xx_hal_rcc.o(.text.HAL_RCC_GetSysClockFreq), (800 bytes).
    Removing stm32h7xx_hal_rcc.o(.ARM.exidx.text.HAL_RCC_GetSysClockFreq), (8 bytes).
    Removing stm32h7xx_hal_rcc.o(.text.HAL_RCC_MCOConfig), (228 bytes).
    Removing stm32h7xx_hal_rcc.o(.ARM.exidx.text.HAL_RCC_MCOConfig), (8 bytes).
    Removing stm32h7xx_hal_rcc.o(.text.HAL_RCC_EnableCSS), (18 bytes).
    Removing stm32h7xx_hal_rcc.o(.ARM.exidx.text.HAL_RCC_EnableCSS), (8 bytes).
    Removing stm32h7xx_hal_rcc.o(.text.HAL_RCC_DisableCSS), (18 bytes).
    Removing stm32h7xx_hal_rcc.o(.ARM.exidx.text.HAL_RCC_DisableCSS), (8 bytes).
    Removing stm32h7xx_hal_rcc.o(.text.HAL_RCC_GetHCLKFreq), (88 bytes).
    Removing stm32h7xx_hal_rcc.o(.ARM.exidx.text.HAL_RCC_GetHCLKFreq), (8 bytes).
    Removing stm32h7xx_hal_rcc.o(.text.HAL_RCC_GetPCLK1Freq), (42 bytes).
    Removing stm32h7xx_hal_rcc.o(.ARM.exidx.text.HAL_RCC_GetPCLK1Freq), (8 bytes).
    Removing stm32h7xx_hal_rcc.o(.text.HAL_RCC_GetPCLK2Freq), (42 bytes).
    Removing stm32h7xx_hal_rcc.o(.ARM.exidx.text.HAL_RCC_GetPCLK2Freq), (8 bytes).
    Removing stm32h7xx_hal_rcc.o(.text.HAL_RCC_GetOscConfig), (564 bytes).
    Removing stm32h7xx_hal_rcc.o(.ARM.exidx.text.HAL_RCC_GetOscConfig), (8 bytes).
    Removing stm32h7xx_hal_rcc.o(.text.HAL_RCC_GetClockConfig), (156 bytes).
    Removing stm32h7xx_hal_rcc.o(.ARM.exidx.text.HAL_RCC_GetClockConfig), (8 bytes).
    Removing stm32h7xx_hal_rcc.o(.text.HAL_RCC_NMI_IRQHandler), (44 bytes).
    Removing stm32h7xx_hal_rcc.o(.ARM.exidx.text.HAL_RCC_NMI_IRQHandler), (8 bytes).
    Removing stm32h7xx_hal_rcc.o(.text.HAL_RCC_CSSCallback), (2 bytes).
    Removing stm32h7xx_hal_rcc.o(.ARM.exidx.text.HAL_RCC_CSSCallback), (8 bytes).
    Removing stm32h7xx_hal_rcc_ex.o(.text), (0 bytes).
    Removing stm32h7xx_hal_rcc_ex.o(.text.HAL_RCCEx_PeriphCLKConfig), (4374 bytes).
    Removing stm32h7xx_hal_rcc_ex.o(.ARM.exidx.text.HAL_RCCEx_PeriphCLKConfig), (8 bytes).
    Removing stm32h7xx_hal_rcc_ex.o(.text.RCCEx_PLL2_Config), (472 bytes).
    Removing stm32h7xx_hal_rcc_ex.o(.ARM.exidx.text.RCCEx_PLL2_Config), (8 bytes).
    Removing stm32h7xx_hal_rcc_ex.o(.text.RCCEx_PLL3_Config), (472 bytes).
    Removing stm32h7xx_hal_rcc_ex.o(.ARM.exidx.text.RCCEx_PLL3_Config), (8 bytes).
    Removing stm32h7xx_hal_rcc_ex.o(.text.HAL_RCCEx_GetPeriphCLKConfig), (806 bytes).
    Removing stm32h7xx_hal_rcc_ex.o(.ARM.exidx.text.HAL_RCCEx_GetPeriphCLKConfig), (8 bytes).
    Removing stm32h7xx_hal_rcc_ex.o(.text.HAL_RCCEx_GetPeriphCLKFreq), (3204 bytes).
    Removing stm32h7xx_hal_rcc_ex.o(.ARM.exidx.text.HAL_RCCEx_GetPeriphCLKFreq), (8 bytes).
    Removing stm32h7xx_hal_rcc_ex.o(.text.HAL_RCCEx_GetPLL1ClockFreq), (700 bytes).
    Removing stm32h7xx_hal_rcc_ex.o(.ARM.exidx.text.HAL_RCCEx_GetPLL1ClockFreq), (8 bytes).
    Removing stm32h7xx_hal_rcc_ex.o(.text.HAL_RCCEx_GetPLL2ClockFreq), (700 bytes).
    Removing stm32h7xx_hal_rcc_ex.o(.ARM.exidx.text.HAL_RCCEx_GetPLL2ClockFreq), (8 bytes).
    Removing stm32h7xx_hal_rcc_ex.o(.text.HAL_RCCEx_GetPLL3ClockFreq), (700 bytes).
    Removing stm32h7xx_hal_rcc_ex.o(.ARM.exidx.text.HAL_RCCEx_GetPLL3ClockFreq), (8 bytes).
    Removing stm32h7xx_hal_rcc_ex.o(.text.HAL_RCCEx_GetD3PCLK1Freq), (42 bytes).
    Removing stm32h7xx_hal_rcc_ex.o(.ARM.exidx.text.HAL_RCCEx_GetD3PCLK1Freq), (8 bytes).
    Removing stm32h7xx_hal_rcc_ex.o(.text.HAL_RCCEx_GetD1PCLK1Freq), (42 bytes).
    Removing stm32h7xx_hal_rcc_ex.o(.ARM.exidx.text.HAL_RCCEx_GetD1PCLK1Freq), (8 bytes).
    Removing stm32h7xx_hal_rcc_ex.o(.text.HAL_RCCEx_GetD1SysClockFreq), (88 bytes).
    Removing stm32h7xx_hal_rcc_ex.o(.ARM.exidx.text.HAL_RCCEx_GetD1SysClockFreq), (8 bytes).
    Removing stm32h7xx_hal_rcc_ex.o(.text.HAL_RCCEx_EnableLSECSS), (18 bytes).
    Removing stm32h7xx_hal_rcc_ex.o(.ARM.exidx.text.HAL_RCCEx_EnableLSECSS), (8 bytes).
    Removing stm32h7xx_hal_rcc_ex.o(.text.HAL_RCCEx_DisableLSECSS), (34 bytes).
    Removing stm32h7xx_hal_rcc_ex.o(.ARM.exidx.text.HAL_RCCEx_DisableLSECSS), (8 bytes).
    Removing stm32h7xx_hal_rcc_ex.o(.text.HAL_RCCEx_EnableLSECSS_IT), (60 bytes).
    Removing stm32h7xx_hal_rcc_ex.o(.ARM.exidx.text.HAL_RCCEx_EnableLSECSS_IT), (8 bytes).
    Removing stm32h7xx_hal_rcc_ex.o(.text.HAL_RCCEx_WakeUpStopCLKConfig), (32 bytes).
    Removing stm32h7xx_hal_rcc_ex.o(.ARM.exidx.text.HAL_RCCEx_WakeUpStopCLKConfig), (8 bytes).
    Removing stm32h7xx_hal_rcc_ex.o(.text.HAL_RCCEx_KerWakeUpStopCLKConfig), (32 bytes).
    Removing stm32h7xx_hal_rcc_ex.o(.ARM.exidx.text.HAL_RCCEx_KerWakeUpStopCLKConfig), (8 bytes).
    Removing stm32h7xx_hal_rcc_ex.o(.text.HAL_RCCEx_WWDGxSysResetConfig), (28 bytes).
    Removing stm32h7xx_hal_rcc_ex.o(.ARM.exidx.text.HAL_RCCEx_WWDGxSysResetConfig), (8 bytes).
    Removing stm32h7xx_hal_rcc_ex.o(.text.HAL_RCCEx_CRSConfig), (158 bytes).
    Removing stm32h7xx_hal_rcc_ex.o(.ARM.exidx.text.HAL_RCCEx_CRSConfig), (8 bytes).
    Removing stm32h7xx_hal_rcc_ex.o(.text.HAL_RCCEx_CRSSoftwareSynchronizationGenerate), (18 bytes).
    Removing stm32h7xx_hal_rcc_ex.o(.ARM.exidx.text.HAL_RCCEx_CRSSoftwareSynchronizationGenerate), (8 bytes).
    Removing stm32h7xx_hal_rcc_ex.o(.text.HAL_RCCEx_CRSGetSynchronizationInfo), (72 bytes).
    Removing stm32h7xx_hal_rcc_ex.o(.ARM.exidx.text.HAL_RCCEx_CRSGetSynchronizationInfo), (8 bytes).
    Removing stm32h7xx_hal_rcc_ex.o(.text.HAL_RCCEx_CRSWaitSynchronization), (344 bytes).
    Removing stm32h7xx_hal_rcc_ex.o(.ARM.exidx.text.HAL_RCCEx_CRSWaitSynchronization), (8 bytes).
    Removing stm32h7xx_hal_rcc_ex.o(.text.HAL_RCCEx_CRS_IRQHandler), (278 bytes).
    Removing stm32h7xx_hal_rcc_ex.o(.ARM.exidx.text.HAL_RCCEx_CRS_IRQHandler), (8 bytes).
    Removing stm32h7xx_hal_rcc_ex.o(.text.HAL_RCCEx_CRS_SyncOkCallback), (2 bytes).
    Removing stm32h7xx_hal_rcc_ex.o(.ARM.exidx.text.HAL_RCCEx_CRS_SyncOkCallback), (8 bytes).
    Removing stm32h7xx_hal_rcc_ex.o(.text.HAL_RCCEx_CRS_SyncWarnCallback), (2 bytes).
    Removing stm32h7xx_hal_rcc_ex.o(.ARM.exidx.text.HAL_RCCEx_CRS_SyncWarnCallback), (8 bytes).
    Removing stm32h7xx_hal_rcc_ex.o(.text.HAL_RCCEx_CRS_ExpectedSyncCallback), (2 bytes).
    Removing stm32h7xx_hal_rcc_ex.o(.ARM.exidx.text.HAL_RCCEx_CRS_ExpectedSyncCallback), (8 bytes).
    Removing stm32h7xx_hal_rcc_ex.o(.text.HAL_RCCEx_CRS_ErrorCallback), (12 bytes).
    Removing stm32h7xx_hal_rcc_ex.o(.ARM.exidx.text.HAL_RCCEx_CRS_ErrorCallback), (8 bytes).
    Removing stm32h7xx_hal_rcc_ex.o(.text.HAL_RCCEx_LSECSS_IRQHandler), (42 bytes).
    Removing stm32h7xx_hal_rcc_ex.o(.ARM.exidx.text.HAL_RCCEx_LSECSS_IRQHandler), (8 bytes).
    Removing stm32h7xx_hal_rcc_ex.o(.text.HAL_RCCEx_LSECSS_Callback), (2 bytes).
    Removing stm32h7xx_hal_rcc_ex.o(.ARM.exidx.text.HAL_RCCEx_LSECSS_Callback), (8 bytes).
    Removing stm32h7xx_hal_rng.o(.text), (0 bytes).
    Removing stm32h7xx_hal_rng_ex.o(.text), (0 bytes).
    Removing stm32h7xx_hal_rtc.o(.text), (0 bytes).
    Removing stm32h7xx_hal_rtc_ex.o(.text), (0 bytes).
    Removing stm32h7xx_hal_sai.o(.text), (0 bytes).
    Removing stm32h7xx_hal_sai_ex.o(.text), (0 bytes).
    Removing stm32h7xx_hal_sd.o(.text), (0 bytes).
    Removing stm32h7xx_hal_sd.o(.text.HAL_SD_Init), (318 bytes).
    Removing stm32h7xx_hal_sd.o(.ARM.exidx.text.HAL_SD_Init), (8 bytes).
    Removing stm32h7xx_hal_sd.o(.text.HAL_SD_MspInit), (12 bytes).
    Removing stm32h7xx_hal_sd.o(.ARM.exidx.text.HAL_SD_MspInit), (8 bytes).
    Removing stm32h7xx_hal_sd.o(.text.HAL_SD_InitCard), (378 bytes).
    Removing stm32h7xx_hal_sd.o(.ARM.exidx.text.HAL_SD_InitCard), (8 bytes).
    Removing stm32h7xx_hal_sd.o(.text.HAL_SD_GetCardStatus), (328 bytes).
    Removing stm32h7xx_hal_sd.o(.ARM.exidx.text.HAL_SD_GetCardStatus), (8 bytes).
    Removing stm32h7xx_hal_sd.o(.text.HAL_SD_ConfigWideBusOperation), (682 bytes).
    Removing stm32h7xx_hal_sd.o(.ARM.exidx.text.HAL_SD_ConfigWideBusOperation), (8 bytes).
    Removing stm32h7xx_hal_sd.o(.text.HAL_SD_GetCardState), (60 bytes).
    Removing stm32h7xx_hal_sd.o(.ARM.exidx.text.HAL_SD_GetCardState), (8 bytes).
    Removing stm32h7xx_hal_sd.o(.text.SD_PowerON), (624 bytes).
    Removing stm32h7xx_hal_sd.o(.ARM.exidx.text.SD_PowerON), (8 bytes).
    Removing stm32h7xx_hal_sd.o(.text.SD_InitCard), (418 bytes).
    Removing stm32h7xx_hal_sd.o(.ARM.exidx.text.SD_InitCard), (8 bytes).
    Removing stm32h7xx_hal_sd.o(.text.HAL_SD_DeInit), (94 bytes).
    Removing stm32h7xx_hal_sd.o(.ARM.exidx.text.HAL_SD_DeInit), (8 bytes).
    Removing stm32h7xx_hal_sd.o(.text.HAL_SD_DriveTransceiver_1_8V_Callback), (14 bytes).
    Removing stm32h7xx_hal_sd.o(.ARM.exidx.text.HAL_SD_DriveTransceiver_1_8V_Callback), (8 bytes).
    Removing stm32h7xx_hal_sd.o(.text.SD_PowerOFF), (24 bytes).
    Removing stm32h7xx_hal_sd.o(.ARM.exidx.text.SD_PowerOFF), (8 bytes).
    Removing stm32h7xx_hal_sd.o(.text.HAL_SD_MspDeInit), (12 bytes).
    Removing stm32h7xx_hal_sd.o(.ARM.exidx.text.HAL_SD_MspDeInit), (8 bytes).
    Removing stm32h7xx_hal_sd.o(.text.HAL_SD_ReadBlocks), (898 bytes).
    Removing stm32h7xx_hal_sd.o(.ARM.exidx.text.HAL_SD_ReadBlocks), (8 bytes).
    Removing stm32h7xx_hal_sd.o(.text.HAL_SD_WriteBlocks), (894 bytes).
    Removing stm32h7xx_hal_sd.o(.ARM.exidx.text.HAL_SD_WriteBlocks), (8 bytes).
    Removing stm32h7xx_hal_sd.o(.text.HAL_SD_ReadBlocks_IT), (356 bytes).
    Removing stm32h7xx_hal_sd.o(.ARM.exidx.text.HAL_SD_ReadBlocks_IT), (8 bytes).
    Removing stm32h7xx_hal_sd.o(.text.HAL_SD_WriteBlocks_IT), (354 bytes).
    Removing stm32h7xx_hal_sd.o(.ARM.exidx.text.HAL_SD_WriteBlocks_IT), (8 bytes).
    Removing stm32h7xx_hal_sd.o(.text.HAL_SD_ReadBlocks_DMA), (380 bytes).
    Removing stm32h7xx_hal_sd.o(.ARM.exidx.text.HAL_SD_ReadBlocks_DMA), (8 bytes).
    Removing stm32h7xx_hal_sd.o(.text.HAL_SD_WriteBlocks_DMA), (378 bytes).
    Removing stm32h7xx_hal_sd.o(.ARM.exidx.text.HAL_SD_WriteBlocks_DMA), (8 bytes).
    Removing stm32h7xx_hal_sd.o(.text.HAL_SD_Erase), (470 bytes).
    Removing stm32h7xx_hal_sd.o(.ARM.exidx.text.HAL_SD_Erase), (8 bytes).
    Removing stm32h7xx_hal_sd.o(.text.HAL_SD_IRQHandler), (966 bytes).
    Removing stm32h7xx_hal_sd.o(.ARM.exidx.text.HAL_SD_IRQHandler), (8 bytes).
    Removing stm32h7xx_hal_sd.o(.text.SD_Read_IT), (150 bytes).
    Removing stm32h7xx_hal_sd.o(.ARM.exidx.text.SD_Read_IT), (8 bytes).
    Removing stm32h7xx_hal_sd.o(.text.HAL_SD_ErrorCallback), (12 bytes).
    Removing stm32h7xx_hal_sd.o(.ARM.exidx.text.HAL_SD_ErrorCallback), (8 bytes).
    Removing stm32h7xx_hal_sd.o(.text.HAL_SD_RxCpltCallback), (12 bytes).
    Removing stm32h7xx_hal_sd.o(.ARM.exidx.text.HAL_SD_RxCpltCallback), (8 bytes).
    Removing stm32h7xx_hal_sd.o(.text.HAL_SD_TxCpltCallback), (12 bytes).
    Removing stm32h7xx_hal_sd.o(.ARM.exidx.text.HAL_SD_TxCpltCallback), (8 bytes).
    Removing stm32h7xx_hal_sd.o(.text.SD_Write_IT), (148 bytes).
    Removing stm32h7xx_hal_sd.o(.ARM.exidx.text.SD_Write_IT), (8 bytes).
    Removing stm32h7xx_hal_sd.o(.text.HAL_SDEx_Write_DMADoubleBuf1CpltCallback), (12 bytes).
    Removing stm32h7xx_hal_sd.o(.ARM.exidx.text.HAL_SDEx_Write_DMADoubleBuf1CpltCallback), (8 bytes).
    Removing stm32h7xx_hal_sd.o(.text.HAL_SDEx_Read_DMADoubleBuf1CpltCallback), (12 bytes).
    Removing stm32h7xx_hal_sd.o(.ARM.exidx.text.HAL_SDEx_Read_DMADoubleBuf1CpltCallback), (8 bytes).
    Removing stm32h7xx_hal_sd.o(.text.HAL_SDEx_Write_DMADoubleBuf0CpltCallback), (12 bytes).
    Removing stm32h7xx_hal_sd.o(.ARM.exidx.text.HAL_SDEx_Write_DMADoubleBuf0CpltCallback), (8 bytes).
    Removing stm32h7xx_hal_sd.o(.text.HAL_SDEx_Read_DMADoubleBuf0CpltCallback), (12 bytes).
    Removing stm32h7xx_hal_sd.o(.ARM.exidx.text.HAL_SDEx_Read_DMADoubleBuf0CpltCallback), (8 bytes).
    Removing stm32h7xx_hal_sd.o(.text.HAL_SD_GetState), (18 bytes).
    Removing stm32h7xx_hal_sd.o(.ARM.exidx.text.HAL_SD_GetState), (8 bytes).
    Removing stm32h7xx_hal_sd.o(.text.HAL_SD_GetError), (16 bytes).
    Removing stm32h7xx_hal_sd.o(.ARM.exidx.text.HAL_SD_GetError), (8 bytes).
    Removing stm32h7xx_hal_sd.o(.text.HAL_SD_AbortCallback), (12 bytes).
    Removing stm32h7xx_hal_sd.o(.ARM.exidx.text.HAL_SD_AbortCallback), (8 bytes).
    Removing stm32h7xx_hal_sd.o(.text.HAL_SD_GetCardCID), (132 bytes).
    Removing stm32h7xx_hal_sd.o(.ARM.exidx.text.HAL_SD_GetCardCID), (8 bytes).
    Removing stm32h7xx_hal_sd.o(.text.HAL_SD_GetCardCSD), (660 bytes).
    Removing stm32h7xx_hal_sd.o(.ARM.exidx.text.HAL_SD_GetCardCSD), (8 bytes).
    Removing stm32h7xx_hal_sd.o(.text.SD_SendSDStatus), (462 bytes).
    Removing stm32h7xx_hal_sd.o(.ARM.exidx.text.SD_SendSDStatus), (8 bytes).
    Removing stm32h7xx_hal_sd.o(.text.HAL_SD_GetCardInfo), (84 bytes).
    Removing stm32h7xx_hal_sd.o(.ARM.exidx.text.HAL_SD_GetCardInfo), (8 bytes).
    Removing stm32h7xx_hal_sd.o(.text.SD_WideBus_Enable), (164 bytes).
    Removing stm32h7xx_hal_sd.o(.ARM.exidx.text.SD_WideBus_Enable), (8 bytes).
    Removing stm32h7xx_hal_sd.o(.text.SD_WideBus_Disable), (164 bytes).
    Removing stm32h7xx_hal_sd.o(.ARM.exidx.text.SD_WideBus_Disable), (8 bytes).
    Removing stm32h7xx_hal_sd.o(.text.HAL_SD_ConfigSpeedBusOperation), (1050 bytes).
    Removing stm32h7xx_hal_sd.o(.ARM.exidx.text.HAL_SD_ConfigSpeedBusOperation), (8 bytes).
    Removing stm32h7xx_hal_sd.o(.text.SD_UltraHighSpeed), (550 bytes).
    Removing stm32h7xx_hal_sd.o(.ARM.exidx.text.SD_UltraHighSpeed), (8 bytes).
    Removing stm32h7xx_hal_sd.o(.text.SD_SwitchSpeed), (458 bytes).
    Removing stm32h7xx_hal_sd.o(.ARM.exidx.text.SD_SwitchSpeed), (8 bytes).
    Removing stm32h7xx_hal_sd.o(.text.SD_DDR_Mode), (544 bytes).
    Removing stm32h7xx_hal_sd.o(.ARM.exidx.text.SD_DDR_Mode), (8 bytes).
    Removing stm32h7xx_hal_sd.o(.text.SD_SendStatus), (94 bytes).
    Removing stm32h7xx_hal_sd.o(.ARM.exidx.text.SD_SendStatus), (8 bytes).
    Removing stm32h7xx_hal_sd.o(.text.HAL_SD_Abort), (410 bytes).
    Removing stm32h7xx_hal_sd.o(.ARM.exidx.text.HAL_SD_Abort), (8 bytes).
    Removing stm32h7xx_hal_sd.o(.text.HAL_SD_Abort_IT), (136 bytes).
    Removing stm32h7xx_hal_sd.o(.ARM.exidx.text.HAL_SD_Abort_IT), (8 bytes).
    Removing stm32h7xx_hal_sd.o(.text.SD_FindSCR), (428 bytes).
    Removing stm32h7xx_hal_sd.o(.ARM.exidx.text.SD_FindSCR), (8 bytes).
    Removing stm32h7xx_hal_sd_ex.o(.text), (0 bytes).
    Removing stm32h7xx_hal_sd_ex.o(.text.HAL_SDEx_ConfigDMAMultiBuffer), (94 bytes).
    Removing stm32h7xx_hal_sd_ex.o(.ARM.exidx.text.HAL_SDEx_ConfigDMAMultiBuffer), (8 bytes).
    Removing stm32h7xx_hal_sd_ex.o(.text.HAL_SDEx_ReadBlocksDMAMultiBuffer), (374 bytes).
    Removing stm32h7xx_hal_sd_ex.o(.ARM.exidx.text.HAL_SDEx_ReadBlocksDMAMultiBuffer), (8 bytes).
    Removing stm32h7xx_hal_sd_ex.o(.text.HAL_SDEx_WriteBlocksDMAMultiBuffer), (342 bytes).
    Removing stm32h7xx_hal_sd_ex.o(.ARM.exidx.text.HAL_SDEx_WriteBlocksDMAMultiBuffer), (8 bytes).
    Removing stm32h7xx_hal_sd_ex.o(.text.HAL_SDEx_ChangeDMABuffer), (64 bytes).
    Removing stm32h7xx_hal_sd_ex.o(.ARM.exidx.text.HAL_SDEx_ChangeDMABuffer), (8 bytes).
    Removing stm32h7xx_hal_sdio.o(.text), (0 bytes).
    Removing stm32h7xx_hal_sdram.o(.text), (0 bytes).
    Removing stm32h7xx_hal_smartcard.o(.text), (0 bytes).
    Removing stm32h7xx_hal_smartcard_ex.o(.text), (0 bytes).
    Removing stm32h7xx_hal_smbus.o(.text), (0 bytes).
    Removing stm32h7xx_hal_smbus_ex.o(.text), (0 bytes).
    Removing stm32h7xx_hal_spdifrx.o(.text), (0 bytes).
    Removing stm32h7xx_hal_spi.o(.text), (0 bytes).
    Removing stm32h7xx_hal_spi.o(.text.HAL_SPI_Init), (1106 bytes).
    Removing stm32h7xx_hal_spi.o(.ARM.exidx.text.HAL_SPI_Init), (8 bytes).
    Removing stm32h7xx_hal_spi.o(.text.SPI_GetPacketSize), (46 bytes).
    Removing stm32h7xx_hal_spi.o(.ARM.exidx.text.SPI_GetPacketSize), (8 bytes).
    Removing stm32h7xx_hal_spi.o(.text.HAL_SPI_MspInit), (12 bytes).
    Removing stm32h7xx_hal_spi.o(.ARM.exidx.text.HAL_SPI_MspInit), (8 bytes).
    Removing stm32h7xx_hal_spi.o(.text.HAL_SPI_DeInit), (94 bytes).
    Removing stm32h7xx_hal_spi.o(.ARM.exidx.text.HAL_SPI_DeInit), (8 bytes).
    Removing stm32h7xx_hal_spi.o(.text.HAL_SPI_MspDeInit), (12 bytes).
    Removing stm32h7xx_hal_spi.o(.ARM.exidx.text.HAL_SPI_MspDeInit), (8 bytes).
    Removing stm32h7xx_hal_spi.o(.text.HAL_SPI_Transmit), (1060 bytes).
    Removing stm32h7xx_hal_spi.o(.ARM.exidx.text.HAL_SPI_Transmit), (8 bytes).
    Removing stm32h7xx_hal_spi.o(.text.SPI_CloseTransfer), (338 bytes).
    Removing stm32h7xx_hal_spi.o(.ARM.exidx.text.SPI_CloseTransfer), (8 bytes).
    Removing stm32h7xx_hal_spi.o(.text.SPI_WaitOnFlagUntilTimeout), (136 bytes).
    Removing stm32h7xx_hal_spi.o(.ARM.exidx.text.SPI_WaitOnFlagUntilTimeout), (8 bytes).
    Removing stm32h7xx_hal_spi.o(.text.HAL_SPI_Receive), (1356 bytes).
    Removing stm32h7xx_hal_spi.o(.ARM.exidx.text.HAL_SPI_Receive), (8 bytes).
    Removing stm32h7xx_hal_spi.o(.text.HAL_SPI_TransmitReceive), (1876 bytes).
    Removing stm32h7xx_hal_spi.o(.ARM.exidx.text.HAL_SPI_TransmitReceive), (8 bytes).
    Removing stm32h7xx_hal_spi.o(.text.HAL_SPI_Transmit_IT), (384 bytes).
    Removing stm32h7xx_hal_spi.o(.ARM.exidx.text.HAL_SPI_Transmit_IT), (8 bytes).
    Removing stm32h7xx_hal_spi.o(.text.SPI_TxISR_32BIT), (68 bytes).
    Removing stm32h7xx_hal_spi.o(.ARM.exidx.text.SPI_TxISR_32BIT), (8 bytes).
    Removing stm32h7xx_hal_spi.o(.text.SPI_TxISR_16BIT), (68 bytes).
    Removing stm32h7xx_hal_spi.o(.ARM.exidx.text.SPI_TxISR_16BIT), (8 bytes).
    Removing stm32h7xx_hal_spi.o(.text.SPI_TxISR_8BIT), (70 bytes).
    Removing stm32h7xx_hal_spi.o(.ARM.exidx.text.SPI_TxISR_8BIT), (8 bytes).
    Removing stm32h7xx_hal_spi.o(.text.HAL_SPI_Receive_IT), (384 bytes).
    Removing stm32h7xx_hal_spi.o(.ARM.exidx.text.HAL_SPI_Receive_IT), (8 bytes).
    Removing stm32h7xx_hal_spi.o(.text.SPI_RxISR_32BIT), (70 bytes).
    Removing stm32h7xx_hal_spi.o(.ARM.exidx.text.SPI_RxISR_32BIT), (8 bytes).
    Removing stm32h7xx_hal_spi.o(.text.SPI_RxISR_16BIT), (70 bytes).
    Removing stm32h7xx_hal_spi.o(.ARM.exidx.text.SPI_RxISR_16BIT), (8 bytes).
    Removing stm32h7xx_hal_spi.o(.text.SPI_RxISR_8BIT), (72 bytes).
    Removing stm32h7xx_hal_spi.o(.ARM.exidx.text.SPI_RxISR_8BIT), (8 bytes).
    Removing stm32h7xx_hal_spi.o(.text.HAL_SPI_TransmitReceive_IT), (606 bytes).
    Removing stm32h7xx_hal_spi.o(.ARM.exidx.text.HAL_SPI_TransmitReceive_IT), (8 bytes).
    Removing stm32h7xx_hal_spi.o(.text.HAL_SPI_Transmit_DMA), (716 bytes).
    Removing stm32h7xx_hal_spi.o(.ARM.exidx.text.HAL_SPI_Transmit_DMA), (8 bytes).
    Removing stm32h7xx_hal_spi.o(.text.SPI_DMAHalfTransmitCplt), (26 bytes).
    Removing stm32h7xx_hal_spi.o(.ARM.exidx.text.SPI_DMAHalfTransmitCplt), (8 bytes).
    Removing stm32h7xx_hal_spi.o(.text.SPI_DMATransmitCplt), (70 bytes).
    Removing stm32h7xx_hal_spi.o(.ARM.exidx.text.SPI_DMATransmitCplt), (8 bytes).
    Removing stm32h7xx_hal_spi.o(.text.SPI_DMAError), (70 bytes).
    Removing stm32h7xx_hal_spi.o(.ARM.exidx.text.SPI_DMAError), (8 bytes).
    Removing stm32h7xx_hal_spi.o(.text.HAL_SPI_Receive_DMA), (730 bytes).
    Removing stm32h7xx_hal_spi.o(.ARM.exidx.text.HAL_SPI_Receive_DMA), (8 bytes).
    Removing stm32h7xx_hal_spi.o(.text.SPI_DMAHalfReceiveCplt), (26 bytes).
    Removing stm32h7xx_hal_spi.o(.ARM.exidx.text.SPI_DMAHalfReceiveCplt), (8 bytes).
    Removing stm32h7xx_hal_spi.o(.text.SPI_DMAReceiveCplt), (70 bytes).
    Removing stm32h7xx_hal_spi.o(.ARM.exidx.text.SPI_DMAReceiveCplt), (8 bytes).
    Removing stm32h7xx_hal_spi.o(.text.HAL_SPI_TransmitReceive_DMA), (980 bytes).
    Removing stm32h7xx_hal_spi.o(.ARM.exidx.text.HAL_SPI_TransmitReceive_DMA), (8 bytes).
    Removing stm32h7xx_hal_spi.o(.text.SPI_DMAHalfTransmitReceiveCplt), (26 bytes).
    Removing stm32h7xx_hal_spi.o(.ARM.exidx.text.SPI_DMAHalfTransmitReceiveCplt), (8 bytes).
    Removing stm32h7xx_hal_spi.o(.text.SPI_DMATransmitReceiveCplt), (70 bytes).
    Removing stm32h7xx_hal_spi.o(.ARM.exidx.text.SPI_DMATransmitReceiveCplt), (8 bytes).
    Removing stm32h7xx_hal_spi.o(.text.HAL_SPI_Abort), (540 bytes).
    Removing stm32h7xx_hal_spi.o(.ARM.exidx.text.HAL_SPI_Abort), (8 bytes).
    Removing stm32h7xx_hal_spi.o(.text.SPI_AbortTransfer), (160 bytes).
    Removing stm32h7xx_hal_spi.o(.ARM.exidx.text.SPI_AbortTransfer), (8 bytes).
    Removing stm32h7xx_hal_spi.o(.text.HAL_SPI_Abort_IT), (566 bytes).
    Removing stm32h7xx_hal_spi.o(.ARM.exidx.text.HAL_SPI_Abort_IT), (8 bytes).
    Removing stm32h7xx_hal_spi.o(.text.SPI_DMATxAbortCallback), (78 bytes).
    Removing stm32h7xx_hal_spi.o(.ARM.exidx.text.SPI_DMATxAbortCallback), (8 bytes).
    Removing stm32h7xx_hal_spi.o(.text.SPI_DMARxAbortCallback), (78 bytes).
    Removing stm32h7xx_hal_spi.o(.ARM.exidx.text.SPI_DMARxAbortCallback), (8 bytes).
    Removing stm32h7xx_hal_spi.o(.text.HAL_SPI_AbortCpltCallback), (12 bytes).
    Removing stm32h7xx_hal_spi.o(.ARM.exidx.text.HAL_SPI_AbortCpltCallback), (8 bytes).
    Removing stm32h7xx_hal_spi.o(.text.HAL_SPI_DMAPause), (28 bytes).
    Removing stm32h7xx_hal_spi.o(.ARM.exidx.text.HAL_SPI_DMAPause), (8 bytes).
    Removing stm32h7xx_hal_spi.o(.text.HAL_SPI_DMAResume), (28 bytes).
    Removing stm32h7xx_hal_spi.o(.ARM.exidx.text.HAL_SPI_DMAResume), (8 bytes).
    Removing stm32h7xx_hal_spi.o(.text.HAL_SPI_DMAStop), (28 bytes).
    Removing stm32h7xx_hal_spi.o(.ARM.exidx.text.HAL_SPI_DMAStop), (8 bytes).
    Removing stm32h7xx_hal_spi.o(.text.HAL_SPI_IRQHandler), (918 bytes).
    Removing stm32h7xx_hal_spi.o(.ARM.exidx.text.HAL_SPI_IRQHandler), (8 bytes).
    Removing stm32h7xx_hal_spi.o(.text.HAL_SPI_SuspendCallback), (12 bytes).
    Removing stm32h7xx_hal_spi.o(.ARM.exidx.text.HAL_SPI_SuspendCallback), (8 bytes).
    Removing stm32h7xx_hal_spi.o(.text.HAL_SPI_ErrorCallback), (12 bytes).
    Removing stm32h7xx_hal_spi.o(.ARM.exidx.text.HAL_SPI_ErrorCallback), (8 bytes).
    Removing stm32h7xx_hal_spi.o(.text.HAL_SPI_TxRxCpltCallback), (12 bytes).
    Removing stm32h7xx_hal_spi.o(.ARM.exidx.text.HAL_SPI_TxRxCpltCallback), (8 bytes).
    Removing stm32h7xx_hal_spi.o(.text.HAL_SPI_RxCpltCallback), (12 bytes).
    Removing stm32h7xx_hal_spi.o(.ARM.exidx.text.HAL_SPI_RxCpltCallback), (8 bytes).
    Removing stm32h7xx_hal_spi.o(.text.HAL_SPI_TxCpltCallback), (12 bytes).
    Removing stm32h7xx_hal_spi.o(.ARM.exidx.text.HAL_SPI_TxCpltCallback), (8 bytes).
    Removing stm32h7xx_hal_spi.o(.text.SPI_DMAAbortOnError), (48 bytes).
    Removing stm32h7xx_hal_spi.o(.ARM.exidx.text.SPI_DMAAbortOnError), (8 bytes).
    Removing stm32h7xx_hal_spi.o(.text.HAL_SPI_TxHalfCpltCallback), (12 bytes).
    Removing stm32h7xx_hal_spi.o(.ARM.exidx.text.HAL_SPI_TxHalfCpltCallback), (8 bytes).
    Removing stm32h7xx_hal_spi.o(.text.HAL_SPI_RxHalfCpltCallback), (12 bytes).
    Removing stm32h7xx_hal_spi.o(.ARM.exidx.text.HAL_SPI_RxHalfCpltCallback), (8 bytes).
    Removing stm32h7xx_hal_spi.o(.text.HAL_SPI_TxRxHalfCpltCallback), (12 bytes).
    Removing stm32h7xx_hal_spi.o(.ARM.exidx.text.HAL_SPI_TxRxHalfCpltCallback), (8 bytes).
    Removing stm32h7xx_hal_spi.o(.text.HAL_SPI_GetState), (18 bytes).
    Removing stm32h7xx_hal_spi.o(.ARM.exidx.text.HAL_SPI_GetState), (8 bytes).
    Removing stm32h7xx_hal_spi.o(.text.HAL_SPI_GetError), (18 bytes).
    Removing stm32h7xx_hal_spi.o(.ARM.exidx.text.HAL_SPI_GetError), (8 bytes).
    Removing stm32h7xx_hal_spi_ex.o(.text), (0 bytes).
    Removing stm32h7xx_hal_spi_ex.o(.text.HAL_SPIEx_FlushRxFifo), (196 bytes).
    Removing stm32h7xx_hal_spi_ex.o(.ARM.exidx.text.HAL_SPIEx_FlushRxFifo), (8 bytes).
    Removing stm32h7xx_hal_spi_ex.o(.text.HAL_SPIEx_EnableLockConfiguration), (202 bytes).
    Removing stm32h7xx_hal_spi_ex.o(.ARM.exidx.text.HAL_SPIEx_EnableLockConfiguration), (8 bytes).
    Removing stm32h7xx_hal_spi_ex.o(.text.HAL_SPIEx_ConfigureUnderrun), (286 bytes).
    Removing stm32h7xx_hal_spi_ex.o(.ARM.exidx.text.HAL_SPIEx_ConfigureUnderrun), (8 bytes).
    Removing stm32h7xx_hal_sram.o(.text), (0 bytes).
    Removing stm32h7xx_hal_sram.o(.text.HAL_SRAM_Init), (198 bytes).
    Removing stm32h7xx_hal_sram.o(.ARM.exidx.text.HAL_SRAM_Init), (8 bytes).
    Removing stm32h7xx_hal_sram.o(.text.HAL_SRAM_MspInit), (12 bytes).
    Removing stm32h7xx_hal_sram.o(.ARM.exidx.text.HAL_SRAM_MspInit), (8 bytes).
    Removing stm32h7xx_hal_sram.o(.text.HAL_SRAM_DeInit), (62 bytes).
    Removing stm32h7xx_hal_sram.o(.ARM.exidx.text.HAL_SRAM_DeInit), (8 bytes).
    Removing stm32h7xx_hal_sram.o(.text.HAL_SRAM_MspDeInit), (12 bytes).
    Removing stm32h7xx_hal_sram.o(.ARM.exidx.text.HAL_SRAM_MspDeInit), (8 bytes).
    Removing stm32h7xx_hal_sram.o(.text.HAL_SRAM_DMA_XferCpltCallback), (12 bytes).
    Removing stm32h7xx_hal_sram.o(.ARM.exidx.text.HAL_SRAM_DMA_XferCpltCallback), (8 bytes).
    Removing stm32h7xx_hal_sram.o(.text.HAL_SRAM_DMA_XferErrorCallback), (12 bytes).
    Removing stm32h7xx_hal_sram.o(.ARM.exidx.text.HAL_SRAM_DMA_XferErrorCallback), (8 bytes).
    Removing stm32h7xx_hal_sram.o(.text.HAL_SRAM_Read_8b), (204 bytes).
    Removing stm32h7xx_hal_sram.o(.ARM.exidx.text.HAL_SRAM_Read_8b), (8 bytes).
    Removing stm32h7xx_hal_sram.o(.text.HAL_SRAM_Write_8b), (184 bytes).
    Removing stm32h7xx_hal_sram.o(.ARM.exidx.text.HAL_SRAM_Write_8b), (8 bytes).
    Removing stm32h7xx_hal_sram.o(.text.HAL_SRAM_Read_16b), (254 bytes).
    Removing stm32h7xx_hal_sram.o(.ARM.exidx.text.HAL_SRAM_Read_16b), (8 bytes).
    Removing stm32h7xx_hal_sram.o(.text.HAL_SRAM_Write_16b), (250 bytes).
    Removing stm32h7xx_hal_sram.o(.ARM.exidx.text.HAL_SRAM_Write_16b), (8 bytes).
    Removing stm32h7xx_hal_sram.o(.text.HAL_SRAM_Read_32b), (204 bytes).
    Removing stm32h7xx_hal_sram.o(.ARM.exidx.text.HAL_SRAM_Read_32b), (8 bytes).
    Removing stm32h7xx_hal_sram.o(.text.HAL_SRAM_Write_32b), (184 bytes).
    Removing stm32h7xx_hal_sram.o(.ARM.exidx.text.HAL_SRAM_Write_32b), (8 bytes).
    Removing stm32h7xx_hal_sram.o(.text.HAL_SRAM_Read_DMA), (230 bytes).
    Removing stm32h7xx_hal_sram.o(.ARM.exidx.text.HAL_SRAM_Read_DMA), (8 bytes).
    Removing stm32h7xx_hal_sram.o(.text.SRAM_DMACplt), (46 bytes).
    Removing stm32h7xx_hal_sram.o(.ARM.exidx.text.SRAM_DMACplt), (8 bytes).
    Removing stm32h7xx_hal_sram.o(.text.SRAM_DMACpltProt), (46 bytes).
    Removing stm32h7xx_hal_sram.o(.ARM.exidx.text.SRAM_DMACpltProt), (8 bytes).
    Removing stm32h7xx_hal_sram.o(.text.SRAM_DMAError), (46 bytes).
    Removing stm32h7xx_hal_sram.o(.ARM.exidx.text.SRAM_DMAError), (8 bytes).
    Removing stm32h7xx_hal_sram.o(.text.HAL_SRAM_Write_DMA), (184 bytes).
    Removing stm32h7xx_hal_sram.o(.ARM.exidx.text.HAL_SRAM_Write_DMA), (8 bytes).
    Removing stm32h7xx_hal_sram.o(.text.HAL_SRAM_WriteOperation_Enable), (130 bytes).
    Removing stm32h7xx_hal_sram.o(.ARM.exidx.text.HAL_SRAM_WriteOperation_Enable), (8 bytes).
    Removing stm32h7xx_hal_sram.o(.text.HAL_SRAM_WriteOperation_Disable), (130 bytes).
    Removing stm32h7xx_hal_sram.o(.ARM.exidx.text.HAL_SRAM_WriteOperation_Disable), (8 bytes).
    Removing stm32h7xx_hal_sram.o(.text.HAL_SRAM_GetState), (18 bytes).
    Removing stm32h7xx_hal_sram.o(.ARM.exidx.text.HAL_SRAM_GetState), (8 bytes).
    Removing stm32h7xx_hal_swpmi.o(.text), (0 bytes).
    Removing stm32h7xx_hal_tim.o(.text), (0 bytes).
    Removing stm32h7xx_hal_tim_ex.o(.text), (0 bytes).
    Removing stm32h7xx_hal_uart.o(.text), (0 bytes).
    Removing stm32h7xx_hal_uart.o(.text.HAL_UART_Init), (182 bytes).
    Removing stm32h7xx_hal_uart.o(.ARM.exidx.text.HAL_UART_Init), (8 bytes).
    Removing stm32h7xx_hal_uart.o(.text.HAL_UART_MspInit), (12 bytes).
    Removing stm32h7xx_hal_uart.o(.ARM.exidx.text.HAL_UART_MspInit), (8 bytes).
    Removing stm32h7xx_hal_uart.o(.text.UART_AdvFeatureConfig), (318 bytes).
    Removing stm32h7xx_hal_uart.o(.ARM.exidx.text.UART_AdvFeatureConfig), (8 bytes).
    Removing stm32h7xx_hal_uart.o(.text.UART_SetConfig), (2366 bytes).
    Removing stm32h7xx_hal_uart.o(.ARM.exidx.text.UART_SetConfig), (8 bytes).
    Removing stm32h7xx_hal_uart.o(.text.UART_CheckIdleState), (334 bytes).
    Removing stm32h7xx_hal_uart.o(.ARM.exidx.text.UART_CheckIdleState), (8 bytes).
    Removing stm32h7xx_hal_uart.o(.text.HAL_HalfDuplex_Init), (180 bytes).
    Removing stm32h7xx_hal_uart.o(.ARM.exidx.text.HAL_HalfDuplex_Init), (8 bytes).
    Removing stm32h7xx_hal_uart.o(.text.HAL_LIN_Init), (244 bytes).
    Removing stm32h7xx_hal_uart.o(.ARM.exidx.text.HAL_LIN_Init), (8 bytes).
    Removing stm32h7xx_hal_uart.o(.text.HAL_MultiProcessor_Init), (242 bytes).
    Removing stm32h7xx_hal_uart.o(.ARM.exidx.text.HAL_MultiProcessor_Init), (8 bytes).
    Removing stm32h7xx_hal_uart.o(.text.HAL_UART_DeInit), (130 bytes).
    Removing stm32h7xx_hal_uart.o(.ARM.exidx.text.HAL_UART_DeInit), (8 bytes).
    Removing stm32h7xx_hal_uart.o(.text.HAL_UART_MspDeInit), (12 bytes).
    Removing stm32h7xx_hal_uart.o(.ARM.exidx.text.HAL_UART_MspDeInit), (8 bytes).
    Removing stm32h7xx_hal_uart.o(.text.HAL_UART_Transmit), (346 bytes).
    Removing stm32h7xx_hal_uart.o(.ARM.exidx.text.HAL_UART_Transmit), (8 bytes).
    Removing stm32h7xx_hal_uart.o(.text.UART_WaitOnFlagUntilTimeout), (298 bytes).
    Removing stm32h7xx_hal_uart.o(.ARM.exidx.text.UART_WaitOnFlagUntilTimeout), (8 bytes).
    Removing stm32h7xx_hal_uart.o(.text.HAL_UART_Receive), (478 bytes).
    Removing stm32h7xx_hal_uart.o(.ARM.exidx.text.HAL_UART_Receive), (8 bytes).
    Removing stm32h7xx_hal_uart.o(.text.HAL_UART_Transmit_IT), (330 bytes).
    Removing stm32h7xx_hal_uart.o(.ARM.exidx.text.HAL_UART_Transmit_IT), (8 bytes).
    Removing stm32h7xx_hal_uart.o(.text.UART_TxISR_16BIT_FIFOEN), (212 bytes).
    Removing stm32h7xx_hal_uart.o(.ARM.exidx.text.UART_TxISR_16BIT_FIFOEN), (8 bytes).
    Removing stm32h7xx_hal_uart.o(.text.UART_TxISR_8BIT_FIFOEN), (202 bytes).
    Removing stm32h7xx_hal_uart.o(.ARM.exidx.text.UART_TxISR_8BIT_FIFOEN), (8 bytes).
    Removing stm32h7xx_hal_uart.o(.text.UART_TxISR_16BIT), (158 bytes).
    Removing stm32h7xx_hal_uart.o(.ARM.exidx.text.UART_TxISR_16BIT), (8 bytes).
    Removing stm32h7xx_hal_uart.o(.text.UART_TxISR_8BIT), (148 bytes).
    Removing stm32h7xx_hal_uart.o(.ARM.exidx.text.UART_TxISR_8BIT), (8 bytes).
    Removing stm32h7xx_hal_uart.o(.text.HAL_UART_Receive_IT), (180 bytes).
    Removing stm32h7xx_hal_uart.o(.ARM.exidx.text.HAL_UART_Receive_IT), (8 bytes).
    Removing stm32h7xx_hal_uart.o(.text.UART_Start_Receive_IT), (580 bytes).
    Removing stm32h7xx_hal_uart.o(.ARM.exidx.text.UART_Start_Receive_IT), (8 bytes).
    Removing stm32h7xx_hal_uart.o(.text.HAL_UART_Transmit_DMA), (294 bytes).
    Removing stm32h7xx_hal_uart.o(.ARM.exidx.text.HAL_UART_Transmit_DMA), (8 bytes).
    Removing stm32h7xx_hal_uart.o(.text.UART_DMATransmitCplt), (126 bytes).
    Removing stm32h7xx_hal_uart.o(.ARM.exidx.text.UART_DMATransmitCplt), (8 bytes).
    Removing stm32h7xx_hal_uart.o(.text.UART_DMATxHalfCplt), (26 bytes).
    Removing stm32h7xx_hal_uart.o(.ARM.exidx.text.UART_DMATxHalfCplt), (8 bytes).
    Removing stm32h7xx_hal_uart.o(.text.UART_DMAError), (132 bytes).
    Removing stm32h7xx_hal_uart.o(.ARM.exidx.text.UART_DMAError), (8 bytes).
    Removing stm32h7xx_hal_uart.o(.text.HAL_UART_Receive_DMA), (180 bytes).
    Removing stm32h7xx_hal_uart.o(.ARM.exidx.text.HAL_UART_Receive_DMA), (8 bytes).
    Removing stm32h7xx_hal_uart.o(.text.UART_Start_Receive_DMA), (324 bytes).
    Removing stm32h7xx_hal_uart.o(.ARM.exidx.text.UART_Start_Receive_DMA), (8 bytes).
    Removing stm32h7xx_hal_uart.o(.text.HAL_UART_DMAPause), (230 bytes).
    Removing stm32h7xx_hal_uart.o(.ARM.exidx.text.HAL_UART_DMAPause), (8 bytes).
    Removing stm32h7xx_hal_uart.o(.text.HAL_UART_DMAResume), (214 bytes).
    Removing stm32h7xx_hal_uart.o(.ARM.exidx.text.HAL_UART_DMAResume), (8 bytes).
    Removing stm32h7xx_hal_uart.o(.text.HAL_UART_DMAStop), (300 bytes).
    Removing stm32h7xx_hal_uart.o(.ARM.exidx.text.HAL_UART_DMAStop), (8 bytes).
    Removing stm32h7xx_hal_uart.o(.text.UART_EndTxTransfer), (96 bytes).
    Removing stm32h7xx_hal_uart.o(.ARM.exidx.text.UART_EndTxTransfer), (8 bytes).
    Removing stm32h7xx_hal_uart.o(.text.UART_EndRxTransfer), (162 bytes).
    Removing stm32h7xx_hal_uart.o(.ARM.exidx.text.UART_EndRxTransfer), (8 bytes).
    Removing stm32h7xx_hal_uart.o(.text.HAL_UART_Abort), (490 bytes).
    Removing stm32h7xx_hal_uart.o(.ARM.exidx.text.HAL_UART_Abort), (8 bytes).
    Removing stm32h7xx_hal_uart.o(.text.HAL_UART_AbortTransmit), (264 bytes).
    Removing stm32h7xx_hal_uart.o(.ARM.exidx.text.HAL_UART_AbortTransmit), (8 bytes).
    Removing stm32h7xx_hal_uart.o(.text.HAL_UART_AbortReceive), (324 bytes).
    Removing stm32h7xx_hal_uart.o(.ARM.exidx.text.HAL_UART_AbortReceive), (8 bytes).
    Removing stm32h7xx_hal_uart.o(.text.HAL_UART_Abort_IT), (574 bytes).
    Removing stm32h7xx_hal_uart.o(.ARM.exidx.text.HAL_UART_Abort_IT), (8 bytes).
    Removing stm32h7xx_hal_uart.o(.text.UART_DMATxAbortCallback), (140 bytes).
    Removing stm32h7xx_hal_uart.o(.ARM.exidx.text.UART_DMATxAbortCallback), (8 bytes).
    Removing stm32h7xx_hal_uart.o(.text.UART_DMARxAbortCallback), (122 bytes).
    Removing stm32h7xx_hal_uart.o(.ARM.exidx.text.UART_DMARxAbortCallback), (8 bytes).
    Removing stm32h7xx_hal_uart.o(.text.HAL_UART_AbortCpltCallback), (12 bytes).
    Removing stm32h7xx_hal_uart.o(.ARM.exidx.text.HAL_UART_AbortCpltCallback), (8 bytes).
    Removing stm32h7xx_hal_uart.o(.text.HAL_UART_AbortTransmit_IT), (278 bytes).
    Removing stm32h7xx_hal_uart.o(.ARM.exidx.text.HAL_UART_AbortTransmit_IT), (8 bytes).
    Removing stm32h7xx_hal_uart.o(.text.UART_DMATxOnlyAbortCallback), (68 bytes).
    Removing stm32h7xx_hal_uart.o(.ARM.exidx.text.UART_DMATxOnlyAbortCallback), (8 bytes).
    Removing stm32h7xx_hal_uart.o(.text.HAL_UART_AbortTransmitCpltCallback), (12 bytes).
    Removing stm32h7xx_hal_uart.o(.ARM.exidx.text.HAL_UART_AbortTransmitCpltCallback), (8 bytes).
    Removing stm32h7xx_hal_uart.o(.text.HAL_UART_AbortReceive_IT), (352 bytes).
    Removing stm32h7xx_hal_uart.o(.ARM.exidx.text.HAL_UART_AbortReceive_IT), (8 bytes).
    Removing stm32h7xx_hal_uart.o(.text.UART_DMARxOnlyAbortCallback), (66 bytes).
    Removing stm32h7xx_hal_uart.o(.ARM.exidx.text.UART_DMARxOnlyAbortCallback), (8 bytes).
    Removing stm32h7xx_hal_uart.o(.text.HAL_UART_AbortReceiveCpltCallback), (12 bytes).
    Removing stm32h7xx_hal_uart.o(.ARM.exidx.text.HAL_UART_AbortReceiveCpltCallback), (8 bytes).
    Removing stm32h7xx_hal_uart.o(.text.HAL_UART_IRQHandler), (1820 bytes).
    Removing stm32h7xx_hal_uart.o(.ARM.exidx.text.HAL_UART_IRQHandler), (8 bytes).
    Removing stm32h7xx_hal_uart.o(.text.UART_DMAAbortOnError), (34 bytes).
    Removing stm32h7xx_hal_uart.o(.ARM.exidx.text.UART_DMAAbortOnError), (8 bytes).
    Removing stm32h7xx_hal_uart.o(.text.HAL_UART_ErrorCallback), (12 bytes).
    Removing stm32h7xx_hal_uart.o(.ARM.exidx.text.HAL_UART_ErrorCallback), (8 bytes).
    Removing stm32h7xx_hal_uart.o(.text.HAL_UARTEx_RxEventCallback), (20 bytes).
    Removing stm32h7xx_hal_uart.o(.ARM.exidx.text.HAL_UARTEx_RxEventCallback), (8 bytes).
    Removing stm32h7xx_hal_uart.o(.text.UART_EndTransmit_IT), (72 bytes).
    Removing stm32h7xx_hal_uart.o(.ARM.exidx.text.UART_EndTransmit_IT), (8 bytes).
    Removing stm32h7xx_hal_uart.o(.text.HAL_UART_TxCpltCallback), (12 bytes).
    Removing stm32h7xx_hal_uart.o(.ARM.exidx.text.HAL_UART_TxCpltCallback), (8 bytes).
    Removing stm32h7xx_hal_uart.o(.text.HAL_UART_TxHalfCpltCallback), (12 bytes).
    Removing stm32h7xx_hal_uart.o(.ARM.exidx.text.HAL_UART_TxHalfCpltCallback), (8 bytes).
    Removing stm32h7xx_hal_uart.o(.text.HAL_UART_RxCpltCallback), (12 bytes).
    Removing stm32h7xx_hal_uart.o(.ARM.exidx.text.HAL_UART_RxCpltCallback), (8 bytes).
    Removing stm32h7xx_hal_uart.o(.text.HAL_UART_RxHalfCpltCallback), (12 bytes).
    Removing stm32h7xx_hal_uart.o(.ARM.exidx.text.HAL_UART_RxHalfCpltCallback), (8 bytes).
    Removing stm32h7xx_hal_uart.o(.text.HAL_UART_ReceiverTimeout_Config), (58 bytes).
    Removing stm32h7xx_hal_uart.o(.ARM.exidx.text.HAL_UART_ReceiverTimeout_Config), (8 bytes).
    Removing stm32h7xx_hal_uart.o(.text.HAL_UART_EnableReceiverTimeout), (144 bytes).
    Removing stm32h7xx_hal_uart.o(.ARM.exidx.text.HAL_UART_EnableReceiverTimeout), (8 bytes).
    Removing stm32h7xx_hal_uart.o(.text.HAL_UART_DisableReceiverTimeout), (144 bytes).
    Removing stm32h7xx_hal_uart.o(.ARM.exidx.text.HAL_UART_DisableReceiverTimeout), (8 bytes).
    Removing stm32h7xx_hal_uart.o(.text.HAL_MultiProcessor_EnableMuteMode), (118 bytes).
    Removing stm32h7xx_hal_uart.o(.ARM.exidx.text.HAL_MultiProcessor_EnableMuteMode), (8 bytes).
    Removing stm32h7xx_hal_uart.o(.text.HAL_MultiProcessor_DisableMuteMode), (118 bytes).
    Removing stm32h7xx_hal_uart.o(.ARM.exidx.text.HAL_MultiProcessor_DisableMuteMode), (8 bytes).
    Removing stm32h7xx_hal_uart.o(.text.HAL_MultiProcessor_EnterMuteMode), (24 bytes).
    Removing stm32h7xx_hal_uart.o(.ARM.exidx.text.HAL_MultiProcessor_EnterMuteMode), (8 bytes).
    Removing stm32h7xx_hal_uart.o(.text.HAL_HalfDuplex_EnableTransmitter), (162 bytes).
    Removing stm32h7xx_hal_uart.o(.ARM.exidx.text.HAL_HalfDuplex_EnableTransmitter), (8 bytes).
    Removing stm32h7xx_hal_uart.o(.text.HAL_HalfDuplex_EnableReceiver), (162 bytes).
    Removing stm32h7xx_hal_uart.o(.ARM.exidx.text.HAL_HalfDuplex_EnableReceiver), (8 bytes).
    Removing stm32h7xx_hal_uart.o(.text.HAL_LIN_SendBreak), (98 bytes).
    Removing stm32h7xx_hal_uart.o(.ARM.exidx.text.HAL_LIN_SendBreak), (8 bytes).
    Removing stm32h7xx_hal_uart.o(.text.HAL_UART_GetState), (34 bytes).
    Removing stm32h7xx_hal_uart.o(.ARM.exidx.text.HAL_UART_GetState), (8 bytes).
    Removing stm32h7xx_hal_uart.o(.text.HAL_UART_GetError), (18 bytes).
    Removing stm32h7xx_hal_uart.o(.ARM.exidx.text.HAL_UART_GetError), (8 bytes).
    Removing stm32h7xx_hal_uart.o(.text.UART_RxISR_16BIT_FIFOEN), (796 bytes).
    Removing stm32h7xx_hal_uart.o(.ARM.exidx.text.UART_RxISR_16BIT_FIFOEN), (8 bytes).
    Removing stm32h7xx_hal_uart.o(.text.UART_RxISR_8BIT_FIFOEN), (792 bytes).
    Removing stm32h7xx_hal_uart.o(.ARM.exidx.text.UART_RxISR_8BIT_FIFOEN), (8 bytes).
    Removing stm32h7xx_hal_uart.o(.text.UART_RxISR_16BIT), (392 bytes).
    Removing stm32h7xx_hal_uart.o(.ARM.exidx.text.UART_RxISR_16BIT), (8 bytes).
    Removing stm32h7xx_hal_uart.o(.text.UART_RxISR_8BIT), (388 bytes).
    Removing stm32h7xx_hal_uart.o(.ARM.exidx.text.UART_RxISR_8BIT), (8 bytes).
    Removing stm32h7xx_hal_uart.o(.text.UART_DMAReceiveCplt), (250 bytes).
    Removing stm32h7xx_hal_uart.o(.ARM.exidx.text.UART_DMAReceiveCplt), (8 bytes).
    Removing stm32h7xx_hal_uart.o(.text.UART_DMARxHalfCplt), (58 bytes).
    Removing stm32h7xx_hal_uart.o(.ARM.exidx.text.UART_DMARxHalfCplt), (8 bytes).
    Removing stm32h7xx_hal_uart.o(.rodata.UARTPrescTable), (24 bytes).
    Removing stm32h7xx_hal_uart_ex.o(.text), (0 bytes).
    Removing stm32h7xx_hal_uart_ex.o(.text.HAL_RS485Ex_Init), (234 bytes).
    Removing stm32h7xx_hal_uart_ex.o(.ARM.exidx.text.HAL_RS485Ex_Init), (8 bytes).
    Removing stm32h7xx_hal_uart_ex.o(.text.HAL_UARTEx_WakeupCallback), (12 bytes).
    Removing stm32h7xx_hal_uart_ex.o(.ARM.exidx.text.HAL_UARTEx_WakeupCallback), (8 bytes).
    Removing stm32h7xx_hal_uart_ex.o(.text.HAL_UARTEx_RxFifoFullCallback), (12 bytes).
    Removing stm32h7xx_hal_uart_ex.o(.ARM.exidx.text.HAL_UARTEx_RxFifoFullCallback), (8 bytes).
    Removing stm32h7xx_hal_uart_ex.o(.text.HAL_UARTEx_TxFifoEmptyCallback), (12 bytes).
    Removing stm32h7xx_hal_uart_ex.o(.ARM.exidx.text.HAL_UARTEx_TxFifoEmptyCallback), (8 bytes).
    Removing stm32h7xx_hal_uart_ex.o(.text.HAL_MultiProcessorEx_AddressLength_Set), (104 bytes).
    Removing stm32h7xx_hal_uart_ex.o(.ARM.exidx.text.HAL_MultiProcessorEx_AddressLength_Set), (8 bytes).
    Removing stm32h7xx_hal_uart_ex.o(.text.HAL_UARTEx_StopModeWakeUpSourceConfig), (222 bytes).
    Removing stm32h7xx_hal_uart_ex.o(.ARM.exidx.text.HAL_UARTEx_StopModeWakeUpSourceConfig), (8 bytes).
    Removing stm32h7xx_hal_uart_ex.o(.text.UARTEx_Wakeup_AddressConfig), (76 bytes).
    Removing stm32h7xx_hal_uart_ex.o(.ARM.exidx.text.UARTEx_Wakeup_AddressConfig), (8 bytes).
    Removing stm32h7xx_hal_uart_ex.o(.text.HAL_UARTEx_EnableStopMode), (108 bytes).
    Removing stm32h7xx_hal_uart_ex.o(.ARM.exidx.text.HAL_UARTEx_EnableStopMode), (8 bytes).
    Removing stm32h7xx_hal_uart_ex.o(.text.HAL_UARTEx_DisableStopMode), (108 bytes).
    Removing stm32h7xx_hal_uart_ex.o(.ARM.exidx.text.HAL_UARTEx_DisableStopMode), (8 bytes).
    Removing stm32h7xx_hal_uart_ex.o(.text.HAL_UARTEx_EnableFifoMode), (138 bytes).
    Removing stm32h7xx_hal_uart_ex.o(.ARM.exidx.text.HAL_UARTEx_EnableFifoMode), (8 bytes).
    Removing stm32h7xx_hal_uart_ex.o(.text.UARTEx_SetNbDataToProcess), (144 bytes).
    Removing stm32h7xx_hal_uart_ex.o(.ARM.exidx.text.UARTEx_SetNbDataToProcess), (8 bytes).
    Removing stm32h7xx_hal_uart_ex.o(.text.HAL_UARTEx_DisableFifoMode), (128 bytes).
    Removing stm32h7xx_hal_uart_ex.o(.ARM.exidx.text.HAL_UARTEx_DisableFifoMode), (8 bytes).
    Removing stm32h7xx_hal_uart_ex.o(.text.HAL_UARTEx_SetTxFifoThreshold), (148 bytes).
    Removing stm32h7xx_hal_uart_ex.o(.ARM.exidx.text.HAL_UARTEx_SetTxFifoThreshold), (8 bytes).
    Removing stm32h7xx_hal_uart_ex.o(.text.HAL_UARTEx_SetRxFifoThreshold), (148 bytes).
    Removing stm32h7xx_hal_uart_ex.o(.ARM.exidx.text.HAL_UARTEx_SetRxFifoThreshold), (8 bytes).
    Removing stm32h7xx_hal_uart_ex.o(.text.HAL_UARTEx_ReceiveToIdle), (610 bytes).
    Removing stm32h7xx_hal_uart_ex.o(.ARM.exidx.text.HAL_UARTEx_ReceiveToIdle), (8 bytes).
    Removing stm32h7xx_hal_uart_ex.o(.text.HAL_UARTEx_ReceiveToIdle_IT), (190 bytes).
    Removing stm32h7xx_hal_uart_ex.o(.ARM.exidx.text.HAL_UARTEx_ReceiveToIdle_IT), (8 bytes).
    Removing stm32h7xx_hal_uart_ex.o(.text.HAL_UARTEx_ReceiveToIdle_DMA), (198 bytes).
    Removing stm32h7xx_hal_uart_ex.o(.ARM.exidx.text.HAL_UARTEx_ReceiveToIdle_DMA), (8 bytes).
    Removing stm32h7xx_hal_uart_ex.o(.text.HAL_UARTEx_GetRxEventType), (16 bytes).
    Removing stm32h7xx_hal_uart_ex.o(.ARM.exidx.text.HAL_UARTEx_GetRxEventType), (8 bytes).
    Removing stm32h7xx_hal_uart_ex.o(.rodata.UARTEx_SetNbDataToProcess.numerator), (8 bytes).
    Removing stm32h7xx_hal_uart_ex.o(.rodata.UARTEx_SetNbDataToProcess.denominator), (8 bytes).
    Removing stm32h7xx_hal_usart.o(.text), (0 bytes).
    Removing stm32h7xx_hal_usart_ex.o(.text), (0 bytes).
    Removing stm32h7xx_hal_wwdg.o(.text), (0 bytes).
    Removing stm32h7xx_ll_adc.o(.text), (0 bytes).
    Removing stm32h7xx_ll_bdma.o(.text), (0 bytes).
    Removing stm32h7xx_ll_comp.o(.text), (0 bytes).
    Removing stm32h7xx_ll_cordic.o(.text), (0 bytes).
    Removing stm32h7xx_ll_crc.o(.text), (0 bytes).
    Removing stm32h7xx_ll_crs.o(.text), (0 bytes).
    Removing stm32h7xx_ll_dac.o(.text), (0 bytes).
    Removing stm32h7xx_ll_delayblock.o(.text), (0 bytes).
    Removing stm32h7xx_ll_delayblock.o(.text.DelayBlock_Enable), (250 bytes).
    Removing stm32h7xx_ll_delayblock.o(.ARM.exidx.text.DelayBlock_Enable), (8 bytes).
    Removing stm32h7xx_ll_delayblock.o(.text.DelayBlock_Disable), (20 bytes).
    Removing stm32h7xx_ll_delayblock.o(.ARM.exidx.text.DelayBlock_Disable), (8 bytes).
    Removing stm32h7xx_ll_delayblock.o(.text.DelayBlock_Configure), (62 bytes).
    Removing stm32h7xx_ll_delayblock.o(.ARM.exidx.text.DelayBlock_Configure), (8 bytes).
    Removing stm32h7xx_ll_dma.o(.text), (0 bytes).
    Removing stm32h7xx_ll_dma2d.o(.text), (0 bytes).
    Removing stm32h7xx_ll_exti.o(.text), (0 bytes).
    Removing stm32h7xx_ll_fmac.o(.text), (0 bytes).
    Removing stm32h7xx_ll_fmc.o(.text), (0 bytes).
    Removing stm32h7xx_ll_fmc.o(.text.FMC_NORSRAM_Init), (278 bytes).
    Removing stm32h7xx_ll_fmc.o(.ARM.exidx.text.FMC_NORSRAM_Init), (8 bytes).
    Removing stm32h7xx_ll_fmc.o(.text.FMC_NORSRAM_DeInit), (106 bytes).
    Removing stm32h7xx_ll_fmc.o(.ARM.exidx.text.FMC_NORSRAM_DeInit), (8 bytes).
    Removing stm32h7xx_ll_fmc.o(.text.FMC_NORSRAM_Timing_Init), (154 bytes).
    Removing stm32h7xx_ll_fmc.o(.ARM.exidx.text.FMC_NORSRAM_Timing_Init), (8 bytes).
    Removing stm32h7xx_ll_fmc.o(.text.FMC_NORSRAM_Extended_Timing_Init), (120 bytes).
    Removing stm32h7xx_ll_fmc.o(.ARM.exidx.text.FMC_NORSRAM_Extended_Timing_Init), (8 bytes).
    Removing stm32h7xx_ll_fmc.o(.text.FMC_NORSRAM_WriteOperation_Enable), (36 bytes).
    Removing stm32h7xx_ll_fmc.o(.ARM.exidx.text.FMC_NORSRAM_WriteOperation_Enable), (8 bytes).
    Removing stm32h7xx_ll_fmc.o(.text.FMC_NORSRAM_WriteOperation_Disable), (36 bytes).
    Removing stm32h7xx_ll_fmc.o(.ARM.exidx.text.FMC_NORSRAM_WriteOperation_Disable), (8 bytes).
    Removing stm32h7xx_ll_fmc.o(.text.FMC_NAND_Init), (86 bytes).
    Removing stm32h7xx_ll_fmc.o(.ARM.exidx.text.FMC_NAND_Init), (8 bytes).
    Removing stm32h7xx_ll_fmc.o(.text.FMC_NAND_CommonSpace_Timing_Init), (58 bytes).
    Removing stm32h7xx_ll_fmc.o(.ARM.exidx.text.FMC_NAND_CommonSpace_Timing_Init), (8 bytes).
    Removing stm32h7xx_ll_fmc.o(.text.FMC_NAND_AttributeSpace_Timing_Init), (58 bytes).
    Removing stm32h7xx_ll_fmc.o(.ARM.exidx.text.FMC_NAND_AttributeSpace_Timing_Init), (8 bytes).
    Removing stm32h7xx_ll_fmc.o(.text.FMC_NAND_DeInit), (54 bytes).
    Removing stm32h7xx_ll_fmc.o(.ARM.exidx.text.FMC_NAND_DeInit), (8 bytes).
    Removing stm32h7xx_ll_fmc.o(.text.FMC_NAND_ECC_Enable), (30 bytes).
    Removing stm32h7xx_ll_fmc.o(.ARM.exidx.text.FMC_NAND_ECC_Enable), (8 bytes).
    Removing stm32h7xx_ll_fmc.o(.text.FMC_NAND_ECC_Disable), (30 bytes).
    Removing stm32h7xx_ll_fmc.o(.ARM.exidx.text.FMC_NAND_ECC_Disable), (8 bytes).
    Removing stm32h7xx_ll_fmc.o(.text.FMC_NAND_GetECC), (134 bytes).
    Removing stm32h7xx_ll_fmc.o(.ARM.exidx.text.FMC_NAND_GetECC), (8 bytes).
    Removing stm32h7xx_ll_fmc.o(.text.FMC_SDRAM_Init), (170 bytes).
    Removing stm32h7xx_ll_fmc.o(.ARM.exidx.text.FMC_SDRAM_Init), (8 bytes).
    Removing stm32h7xx_ll_fmc.o(.text.FMC_SDRAM_Timing_Init), (276 bytes).
    Removing stm32h7xx_ll_fmc.o(.ARM.exidx.text.FMC_SDRAM_Timing_Init), (8 bytes).
    Removing stm32h7xx_ll_fmc.o(.text.FMC_SDRAM_DeInit), (60 bytes).
    Removing stm32h7xx_ll_fmc.o(.ARM.exidx.text.FMC_SDRAM_DeInit), (8 bytes).
    Removing stm32h7xx_ll_fmc.o(.text.FMC_SDRAM_WriteProtection_Enable), (36 bytes).
    Removing stm32h7xx_ll_fmc.o(.ARM.exidx.text.FMC_SDRAM_WriteProtection_Enable), (8 bytes).
    Removing stm32h7xx_ll_fmc.o(.text.FMC_SDRAM_WriteProtection_Disable), (36 bytes).
    Removing stm32h7xx_ll_fmc.o(.ARM.exidx.text.FMC_SDRAM_WriteProtection_Disable), (8 bytes).
    Removing stm32h7xx_ll_fmc.o(.text.FMC_SDRAM_SendCommand), (72 bytes).
    Removing stm32h7xx_ll_fmc.o(.ARM.exidx.text.FMC_SDRAM_SendCommand), (8 bytes).
    Removing stm32h7xx_ll_fmc.o(.text.FMC_SDRAM_ProgramRefreshRate), (40 bytes).
    Removing stm32h7xx_ll_fmc.o(.ARM.exidx.text.FMC_SDRAM_ProgramRefreshRate), (8 bytes).
    Removing stm32h7xx_ll_fmc.o(.text.FMC_SDRAM_SetAutoRefreshNumber), (44 bytes).
    Removing stm32h7xx_ll_fmc.o(.ARM.exidx.text.FMC_SDRAM_SetAutoRefreshNumber), (8 bytes).
    Removing stm32h7xx_ll_fmc.o(.text.FMC_SDRAM_GetModeStatus), (54 bytes).
    Removing stm32h7xx_ll_fmc.o(.ARM.exidx.text.FMC_SDRAM_GetModeStatus), (8 bytes).
    Removing stm32h7xx_ll_gpio.o(.text), (0 bytes).
    Removing stm32h7xx_ll_hrtim.o(.text), (0 bytes).
    Removing stm32h7xx_ll_i2c.o(.text), (0 bytes).
    Removing stm32h7xx_ll_lptim.o(.text), (0 bytes).
    Removing stm32h7xx_ll_lpuart.o(.text), (0 bytes).
    Removing stm32h7xx_ll_mdma.o(.text), (0 bytes).
    Removing stm32h7xx_ll_opamp.o(.text), (0 bytes).
    Removing stm32h7xx_ll_pwr.o(.text), (0 bytes).
    Removing stm32h7xx_ll_rcc.o(.text), (0 bytes).
    Removing stm32h7xx_ll_rng.o(.text), (0 bytes).
    Removing stm32h7xx_ll_rtc.o(.text), (0 bytes).
    Removing stm32h7xx_ll_sdmmc.o(.text), (0 bytes).
    Removing stm32h7xx_ll_sdmmc.o(.text.SDMMC_Init), (112 bytes).
    Removing stm32h7xx_ll_sdmmc.o(.ARM.exidx.text.SDMMC_Init), (8 bytes).
    Removing stm32h7xx_ll_sdmmc.o(.text.SDMMC_ReadFIFO), (18 bytes).
    Removing stm32h7xx_ll_sdmmc.o(.ARM.exidx.text.SDMMC_ReadFIFO), (8 bytes).
    Removing stm32h7xx_ll_sdmmc.o(.text.SDMMC_WriteFIFO), (30 bytes).
    Removing stm32h7xx_ll_sdmmc.o(.ARM.exidx.text.SDMMC_WriteFIFO), (8 bytes).
    Removing stm32h7xx_ll_sdmmc.o(.text.SDMMC_PowerState_ON), (24 bytes).
    Removing stm32h7xx_ll_sdmmc.o(.ARM.exidx.text.SDMMC_PowerState_ON), (8 bytes).
    Removing stm32h7xx_ll_sdmmc.o(.text.SDMMC_PowerState_Cycle), (24 bytes).
    Removing stm32h7xx_ll_sdmmc.o(.ARM.exidx.text.SDMMC_PowerState_Cycle), (8 bytes).
    Removing stm32h7xx_ll_sdmmc.o(.text.SDMMC_PowerState_OFF), (24 bytes).
    Removing stm32h7xx_ll_sdmmc.o(.ARM.exidx.text.SDMMC_PowerState_OFF), (8 bytes).
    Removing stm32h7xx_ll_sdmmc.o(.text.SDMMC_GetPowerState), (20 bytes).
    Removing stm32h7xx_ll_sdmmc.o(.ARM.exidx.text.SDMMC_GetPowerState), (8 bytes).
    Removing stm32h7xx_ll_sdmmc.o(.text.SDMMC_SendCommand), (104 bytes).
    Removing stm32h7xx_ll_sdmmc.o(.ARM.exidx.text.SDMMC_SendCommand), (8 bytes).
    Removing stm32h7xx_ll_sdmmc.o(.text.SDMMC_GetCommandResponse), (18 bytes).
    Removing stm32h7xx_ll_sdmmc.o(.ARM.exidx.text.SDMMC_GetCommandResponse), (8 bytes).
    Removing stm32h7xx_ll_sdmmc.o(.text.SDMMC_GetResponse), (32 bytes).
    Removing stm32h7xx_ll_sdmmc.o(.ARM.exidx.text.SDMMC_GetResponse), (8 bytes).
    Removing stm32h7xx_ll_sdmmc.o(.text.SDMMC_ConfigData), (108 bytes).
    Removing stm32h7xx_ll_sdmmc.o(.ARM.exidx.text.SDMMC_ConfigData), (8 bytes).
    Removing stm32h7xx_ll_sdmmc.o(.text.SDMMC_GetDataCounter), (16 bytes).
    Removing stm32h7xx_ll_sdmmc.o(.ARM.exidx.text.SDMMC_GetDataCounter), (8 bytes).
    Removing stm32h7xx_ll_sdmmc.o(.text.SDMMC_GetFIFOCount), (18 bytes).
    Removing stm32h7xx_ll_sdmmc.o(.ARM.exidx.text.SDMMC_GetFIFOCount), (8 bytes).
    Removing stm32h7xx_ll_sdmmc.o(.text.SDMMC_SetSDMMCReadWaitMode), (36 bytes).
    Removing stm32h7xx_ll_sdmmc.o(.ARM.exidx.text.SDMMC_SetSDMMCReadWaitMode), (8 bytes).
    Removing stm32h7xx_ll_sdmmc.o(.text.SDMMC_CmdBlockLength), (80 bytes).
    Removing stm32h7xx_ll_sdmmc.o(.ARM.exidx.text.SDMMC_CmdBlockLength), (8 bytes).
    Removing stm32h7xx_ll_sdmmc.o(.text.SDMMC_GetCmdResp1), (578 bytes).
    Removing stm32h7xx_ll_sdmmc.o(.ARM.exidx.text.SDMMC_GetCmdResp1), (8 bytes).
    Removing stm32h7xx_ll_sdmmc.o(.text.SDMMC_CmdBlockCount), (80 bytes).
    Removing stm32h7xx_ll_sdmmc.o(.ARM.exidx.text.SDMMC_CmdBlockCount), (8 bytes).
    Removing stm32h7xx_ll_sdmmc.o(.text.SDMMC_CmdReadSingleBlock), (80 bytes).
    Removing stm32h7xx_ll_sdmmc.o(.ARM.exidx.text.SDMMC_CmdReadSingleBlock), (8 bytes).
    Removing stm32h7xx_ll_sdmmc.o(.text.SDMMC_CmdReadMultiBlock), (80 bytes).
    Removing stm32h7xx_ll_sdmmc.o(.ARM.exidx.text.SDMMC_CmdReadMultiBlock), (8 bytes).
    Removing stm32h7xx_ll_sdmmc.o(.text.SDMMC_CmdWriteSingleBlock), (80 bytes).
    Removing stm32h7xx_ll_sdmmc.o(.ARM.exidx.text.SDMMC_CmdWriteSingleBlock), (8 bytes).
    Removing stm32h7xx_ll_sdmmc.o(.text.SDMMC_CmdWriteMultiBlock), (80 bytes).
    Removing stm32h7xx_ll_sdmmc.o(.ARM.exidx.text.SDMMC_CmdWriteMultiBlock), (8 bytes).
    Removing stm32h7xx_ll_sdmmc.o(.text.SDMMC_CmdSDEraseStartAdd), (80 bytes).
    Removing stm32h7xx_ll_sdmmc.o(.ARM.exidx.text.SDMMC_CmdSDEraseStartAdd), (8 bytes).
    Removing stm32h7xx_ll_sdmmc.o(.text.SDMMC_CmdSDEraseEndAdd), (80 bytes).
    Removing stm32h7xx_ll_sdmmc.o(.ARM.exidx.text.SDMMC_CmdSDEraseEndAdd), (8 bytes).
    Removing stm32h7xx_ll_sdmmc.o(.text.SDMMC_CmdEraseStartAdd), (80 bytes).
    Removing stm32h7xx_ll_sdmmc.o(.ARM.exidx.text.SDMMC_CmdEraseStartAdd), (8 bytes).
    Removing stm32h7xx_ll_sdmmc.o(.text.SDMMC_CmdEraseEndAdd), (80 bytes).
    Removing stm32h7xx_ll_sdmmc.o(.ARM.exidx.text.SDMMC_CmdEraseEndAdd), (8 bytes).
    Removing stm32h7xx_ll_sdmmc.o(.text.SDMMC_CmdErase), (80 bytes).
    Removing stm32h7xx_ll_sdmmc.o(.ARM.exidx.text.SDMMC_CmdErase), (8 bytes).
    Removing stm32h7xx_ll_sdmmc.o(.text.SDMMC_CmdStopTransfer), (118 bytes).
    Removing stm32h7xx_ll_sdmmc.o(.ARM.exidx.text.SDMMC_CmdStopTransfer), (8 bytes).
    Removing stm32h7xx_ll_sdmmc.o(.text.SDMMC_CmdSelDesel), (80 bytes).
    Removing stm32h7xx_ll_sdmmc.o(.ARM.exidx.text.SDMMC_CmdSelDesel), (8 bytes).
    Removing stm32h7xx_ll_sdmmc.o(.text.SDMMC_CmdGoIdleState), (54 bytes).
    Removing stm32h7xx_ll_sdmmc.o(.ARM.exidx.text.SDMMC_CmdGoIdleState), (8 bytes).
    Removing stm32h7xx_ll_sdmmc.o(.text.SDMMC_GetCmdError), (102 bytes).
    Removing stm32h7xx_ll_sdmmc.o(.ARM.exidx.text.SDMMC_GetCmdError), (8 bytes).
    Removing stm32h7xx_ll_sdmmc.o(.text.SDMMC_CmdOperCond), (64 bytes).
    Removing stm32h7xx_ll_sdmmc.o(.ARM.exidx.text.SDMMC_CmdOperCond), (8 bytes).
    Removing stm32h7xx_ll_sdmmc.o(.text.SDMMC_GetCmdResp7), (192 bytes).
    Removing stm32h7xx_ll_sdmmc.o(.ARM.exidx.text.SDMMC_GetCmdResp7), (8 bytes).
    Removing stm32h7xx_ll_sdmmc.o(.text.SDMMC_CmdAppCommand), (80 bytes).
    Removing stm32h7xx_ll_sdmmc.o(.ARM.exidx.text.SDMMC_CmdAppCommand), (8 bytes).
    Removing stm32h7xx_ll_sdmmc.o(.text.SDMMC_CmdAppOperCommand), (66 bytes).
    Removing stm32h7xx_ll_sdmmc.o(.ARM.exidx.text.SDMMC_CmdAppOperCommand), (8 bytes).
    Removing stm32h7xx_ll_sdmmc.o(.text.SDMMC_GetCmdResp3), (158 bytes).
    Removing stm32h7xx_ll_sdmmc.o(.ARM.exidx.text.SDMMC_GetCmdResp3), (8 bytes).
    Removing stm32h7xx_ll_sdmmc.o(.text.SDMMC_CmdBusWidth), (80 bytes).
    Removing stm32h7xx_ll_sdmmc.o(.ARM.exidx.text.SDMMC_CmdBusWidth), (8 bytes).
    Removing stm32h7xx_ll_sdmmc.o(.text.SDMMC_CmdSendSCR), (68 bytes).
    Removing stm32h7xx_ll_sdmmc.o(.ARM.exidx.text.SDMMC_CmdSendSCR), (8 bytes).
    Removing stm32h7xx_ll_sdmmc.o(.text.SDMMC_CmdSendCID), (60 bytes).
    Removing stm32h7xx_ll_sdmmc.o(.ARM.exidx.text.SDMMC_CmdSendCID), (8 bytes).
    Removing stm32h7xx_ll_sdmmc.o(.text.SDMMC_GetCmdResp2), (182 bytes).
    Removing stm32h7xx_ll_sdmmc.o(.ARM.exidx.text.SDMMC_GetCmdResp2), (8 bytes).
    Removing stm32h7xx_ll_sdmmc.o(.text.SDMMC_CmdSendCSD), (66 bytes).
    Removing stm32h7xx_ll_sdmmc.o(.ARM.exidx.text.SDMMC_CmdSendCSD), (8 bytes).
    Removing stm32h7xx_ll_sdmmc.o(.text.SDMMC_CmdSetRelAdd), (76 bytes).
    Removing stm32h7xx_ll_sdmmc.o(.ARM.exidx.text.SDMMC_CmdSetRelAdd), (8 bytes).
    Removing stm32h7xx_ll_sdmmc.o(.text.SDMMC_GetCmdResp6), (298 bytes).
    Removing stm32h7xx_ll_sdmmc.o(.ARM.exidx.text.SDMMC_GetCmdResp6), (8 bytes).
    Removing stm32h7xx_ll_sdmmc.o(.text.SDMMC_CmdSetRelAddMmc), (86 bytes).
    Removing stm32h7xx_ll_sdmmc.o(.ARM.exidx.text.SDMMC_CmdSetRelAddMmc), (8 bytes).
    Removing stm32h7xx_ll_sdmmc.o(.text.SDMMC_CmdSleepMmc), (80 bytes).
    Removing stm32h7xx_ll_sdmmc.o(.ARM.exidx.text.SDMMC_CmdSleepMmc), (8 bytes).
    Removing stm32h7xx_ll_sdmmc.o(.text.SDMMC_CmdSendStatus), (80 bytes).
    Removing stm32h7xx_ll_sdmmc.o(.ARM.exidx.text.SDMMC_CmdSendStatus), (8 bytes).
    Removing stm32h7xx_ll_sdmmc.o(.text.SDMMC_CmdStatusRegister), (68 bytes).
    Removing stm32h7xx_ll_sdmmc.o(.ARM.exidx.text.SDMMC_CmdStatusRegister), (8 bytes).
    Removing stm32h7xx_ll_sdmmc.o(.text.SDMMC_CmdOpCondition), (66 bytes).
    Removing stm32h7xx_ll_sdmmc.o(.ARM.exidx.text.SDMMC_CmdOpCondition), (8 bytes).
    Removing stm32h7xx_ll_sdmmc.o(.text.SDMMC_CmdSwitch), (80 bytes).
    Removing stm32h7xx_ll_sdmmc.o(.ARM.exidx.text.SDMMC_CmdSwitch), (8 bytes).
    Removing stm32h7xx_ll_sdmmc.o(.text.SDMMC_CmdVoltageSwitch), (68 bytes).
    Removing stm32h7xx_ll_sdmmc.o(.ARM.exidx.text.SDMMC_CmdVoltageSwitch), (8 bytes).
    Removing stm32h7xx_ll_sdmmc.o(.text.SDMMC_CmdSendEXTCSD), (80 bytes).
    Removing stm32h7xx_ll_sdmmc.o(.ARM.exidx.text.SDMMC_CmdSendEXTCSD), (8 bytes).
    Removing stm32h7xx_ll_sdmmc.o(.text.SDMMC_SDIO_CmdReadWriteDirect), (86 bytes).
    Removing stm32h7xx_ll_sdmmc.o(.ARM.exidx.text.SDMMC_SDIO_CmdReadWriteDirect), (8 bytes).
    Removing stm32h7xx_ll_sdmmc.o(.text.SDMMC_GetCmdResp5), (342 bytes).
    Removing stm32h7xx_ll_sdmmc.o(.ARM.exidx.text.SDMMC_GetCmdResp5), (8 bytes).
    Removing stm32h7xx_ll_sdmmc.o(.text.SDMMC_SDIO_CmdReadWriteExtended), (84 bytes).
    Removing stm32h7xx_ll_sdmmc.o(.ARM.exidx.text.SDMMC_SDIO_CmdReadWriteExtended), (8 bytes).
    Removing stm32h7xx_ll_sdmmc.o(.text.SDMMC_CmdSendOperationcondition), (80 bytes).
    Removing stm32h7xx_ll_sdmmc.o(.ARM.exidx.text.SDMMC_CmdSendOperationcondition), (8 bytes).
    Removing stm32h7xx_ll_sdmmc.o(.text.SDMMC_GetCmdResp4), (192 bytes).
    Removing stm32h7xx_ll_sdmmc.o(.ARM.exidx.text.SDMMC_GetCmdResp4), (8 bytes).
    Removing stm32h7xx_ll_spi.o(.text), (0 bytes).
    Removing stm32h7xx_ll_swpmi.o(.text), (0 bytes).
    Removing stm32h7xx_ll_tim.o(.text), (0 bytes).
    Removing stm32h7xx_ll_usart.o(.text), (0 bytes).
    Removing stm32h7xx_ll_usb.o(.text), (0 bytes).
    Removing system_stm32h7xx.o(.text), (0 bytes).
    Removing system_stm32h7xx.o(.ARM.exidx.text.SystemInit), (8 bytes).
    Removing system_stm32h7xx.o(.text.SystemCoreClockUpdate), (776 bytes).
    Removing system_stm32h7xx.o(.ARM.exidx.text.SystemCoreClockUpdate), (8 bytes).
    Removing system_stm32h7xx.o(.ARM.exidx.text.ExitRun0Mode), (8 bytes).
    Removing system_stm32h7xx.o(.data.SystemCoreClock), (4 bytes).
    Removing system_stm32h7xx.o(.data.SystemD2Clock), (4 bytes).
    Removing system_stm32h7xx.o(.rodata.D1CorePrescTable), (16 bytes).
    Removing clock_manage.o(.text), (0 bytes).
    Removing clock_manage.o(.text.Clock_Manage), (2 bytes).
    Removing clock_manage.o(.ARM.exidx.text.Clock_Manage), (8 bytes).
    Removing clock_manage.o(.text.Clock_Needed), (116 bytes).
    Removing clock_manage.o(.ARM.exidx.text.Clock_Needed), (8 bytes).
    Removing diskio.o(.text), (0 bytes).
    Removing diskio.o(.text.disk_status), (106 bytes).
    Removing diskio.o(.ARM.exidx.text.disk_status), (8 bytes).
    Removing diskio.o(.text.disk_initialize), (106 bytes).
    Removing diskio.o(.ARM.exidx.text.disk_initialize), (8 bytes).
    Removing diskio.o(.text.disk_read), (146 bytes).
    Removing diskio.o(.ARM.exidx.text.disk_read), (8 bytes).
    Removing diskio.o(.text.disk_write), (146 bytes).
    Removing diskio.o(.ARM.exidx.text.disk_write), (8 bytes).
    Removing diskio.o(.text.disk_ioctl), (106 bytes).
    Removing diskio.o(.ARM.exidx.text.disk_ioctl), (8 bytes).
    Removing ff.o(.text), (0 bytes).
    Removing ff.o(.text.f_mount), (192 bytes).
    Removing ff.o(.ARM.exidx.text.f_mount), (8 bytes).
    Removing ff.o(.text.get_ldnumber), (186 bytes).
    Removing ff.o(.ARM.exidx.text.get_ldnumber), (8 bytes).
    Removing ff.o(.text.mount_volume), (1106 bytes).
    Removing ff.o(.ARM.exidx.text.mount_volume), (8 bytes).
    Removing ff.o(.text.f_open), (900 bytes).
    Removing ff.o(.ARM.exidx.text.f_open), (8 bytes).
    Removing ff.o(.text.follow_path), (268 bytes).
    Removing ff.o(.ARM.exidx.text.follow_path), (8 bytes).
    Removing ff.o(.text.dir_register), (126 bytes).
    Removing ff.o(.ARM.exidx.text.dir_register), (8 bytes).
    Removing ff.o(.text.st_dword), (92 bytes).
    Removing ff.o(.ARM.exidx.text.st_dword), (8 bytes).
    Removing ff.o(.text.ld_clust), (62 bytes).
    Removing ff.o(.ARM.exidx.text.ld_clust), (8 bytes).
    Removing ff.o(.text.st_clust), (66 bytes).
    Removing ff.o(.ARM.exidx.text.st_clust), (8 bytes).
    Removing ff.o(.text.remove_chain), (270 bytes).
    Removing ff.o(.ARM.exidx.text.remove_chain), (8 bytes).
    Removing ff.o(.text.move_window), (108 bytes).
    Removing ff.o(.ARM.exidx.text.move_window), (8 bytes).
    Removing ff.o(.text.ld_dword), (56 bytes).
    Removing ff.o(.ARM.exidx.text.ld_dword), (8 bytes).
    Removing ff.o(.text.get_fat), (330 bytes).
    Removing ff.o(.ARM.exidx.text.get_fat), (8 bytes).
    Removing ff.o(.text.clst2sect), (62 bytes).
    Removing ff.o(.ARM.exidx.text.clst2sect), (8 bytes).
    Removing ff.o(.text.f_read), (672 bytes).
    Removing ff.o(.ARM.exidx.text.f_read), (8 bytes).
    Removing ff.o(.text.validate), (132 bytes).
    Removing ff.o(.ARM.exidx.text.validate), (8 bytes).
    Removing ff.o(.text.f_write), (788 bytes).
    Removing ff.o(.ARM.exidx.text.f_write), (8 bytes).
    Removing ff.o(.text.create_chain), (524 bytes).
    Removing ff.o(.ARM.exidx.text.create_chain), (8 bytes).
    Removing ff.o(.text.f_sync), (258 bytes).
    Removing ff.o(.ARM.exidx.text.f_sync), (8 bytes).
    Removing ff.o(.text.st_word), (62 bytes).
    Removing ff.o(.ARM.exidx.text.st_word), (8 bytes).
    Removing ff.o(.text.sync_fs), (228 bytes).
    Removing ff.o(.ARM.exidx.text.sync_fs), (8 bytes).
    Removing ff.o(.text.f_close), (70 bytes).
    Removing ff.o(.ARM.exidx.text.f_close), (8 bytes).
    Removing ff.o(.text.f_lseek), (676 bytes).
    Removing ff.o(.ARM.exidx.text.f_lseek), (8 bytes).
    Removing ff.o(.text.f_opendir), (226 bytes).
    Removing ff.o(.ARM.exidx.text.f_opendir), (8 bytes).
    Removing ff.o(.text.dir_sdi), (300 bytes).
    Removing ff.o(.ARM.exidx.text.dir_sdi), (8 bytes).
    Removing ff.o(.text.f_closedir), (50 bytes).
    Removing ff.o(.ARM.exidx.text.f_closedir), (8 bytes).
    Removing ff.o(.text.f_readdir), (152 bytes).
    Removing ff.o(.ARM.exidx.text.f_readdir), (8 bytes).
    Removing ff.o(.text.dir_read), (220 bytes).
    Removing ff.o(.ARM.exidx.text.dir_read), (8 bytes).
    Removing ff.o(.text.get_fileinfo), (210 bytes).
    Removing ff.o(.ARM.exidx.text.get_fileinfo), (8 bytes).
    Removing ff.o(.text.dir_next), (366 bytes).
    Removing ff.o(.ARM.exidx.text.dir_next), (8 bytes).
    Removing ff.o(.text.f_stat), (118 bytes).
    Removing ff.o(.ARM.exidx.text.f_stat), (8 bytes).
    Removing ff.o(.text.f_getfree), (394 bytes).
    Removing ff.o(.ARM.exidx.text.f_getfree), (8 bytes).
    Removing ff.o(.text.ld_word), (40 bytes).
    Removing ff.o(.ARM.exidx.text.ld_word), (8 bytes).
    Removing ff.o(.text.f_truncate), (352 bytes).
    Removing ff.o(.ARM.exidx.text.f_truncate), (8 bytes).
    Removing ff.o(.text.f_unlink), (318 bytes).
    Removing ff.o(.ARM.exidx.text.f_unlink), (8 bytes).
    Removing ff.o(.text.dir_remove), (66 bytes).
    Removing ff.o(.ARM.exidx.text.dir_remove), (8 bytes).
    Removing ff.o(.text.f_mkdir), (418 bytes).
    Removing ff.o(.ARM.exidx.text.f_mkdir), (8 bytes).
    Removing ff.o(.text.dir_clear), (174 bytes).
    Removing ff.o(.ARM.exidx.text.dir_clear), (8 bytes).
    Removing ff.o(.text.f_rename), (528 bytes).
    Removing ff.o(.ARM.exidx.text.f_rename), (8 bytes).
    Removing ff.o(.text.find_volume), (242 bytes).
    Removing ff.o(.ARM.exidx.text.find_volume), (8 bytes).
    Removing ff.o(.text.check_fs), (352 bytes).
    Removing ff.o(.ARM.exidx.text.check_fs), (8 bytes).
    Removing ff.o(.text.create_name), (500 bytes).
    Removing ff.o(.ARM.exidx.text.create_name), (8 bytes).
    Removing ff.o(.text.dir_find), (200 bytes).
    Removing ff.o(.ARM.exidx.text.dir_find), (8 bytes).
    Removing ff.o(.text.dbc_1st), (116 bytes).
    Removing ff.o(.ARM.exidx.text.dbc_1st), (8 bytes).
    Removing ff.o(.text.dbc_2nd), (162 bytes).
    Removing ff.o(.ARM.exidx.text.dbc_2nd), (8 bytes).
    Removing ff.o(.text.dir_alloc), (176 bytes).
    Removing ff.o(.ARM.exidx.text.dir_alloc), (8 bytes).
    Removing ff.o(.text.put_fat), (470 bytes).
    Removing ff.o(.ARM.exidx.text.put_fat), (8 bytes).
    Removing ff.o(.text.sync_window), (126 bytes).
    Removing ff.o(.ARM.exidx.text.sync_window), (8 bytes).
    Removing ff.o(.bss.FatFs), (4 bytes).
    Removing ff.o(.bss.Fsid), (2 bytes).
    Removing ff.o(.rodata.str1.1), (24 bytes).
    Removing ff.o(.rodata.DbcTbl), (10 bytes).
    Removing ffsystem.o(.text), (0 bytes).
    Removing ffunicode.o(.text), (0 bytes).

1863 unused section(s) (total 206493 bytes) removed from the image.
